Component: ARM Compiler 5.06 update 7 (build 960) Tool: armlink [4d3601]

==============================================================================

Section Cross References

    sample.o(.text) refers to system_lpc17xx.o(.text) for SystemInit
    sample.o(.text) refers to glcd.o(.text) for LCD_Initialization
    sample.o(.text) refers to lib_button.o(.text) for BUTTON_init
    sample.o(.text) refers to lib_can.o(.text) for CAN_Init
    sample.o(.text) refers to lib_joystick.o(.text) for joystick_init
    sample.o(.text) refers to lib_rit.o(.text) for init_RIT
    system_lpc17xx.o(.text) refers to system_lpc17xx.o(.data) for SystemFrequency
    funct_led.o(.text) refers to funct_led.o(.constdata) for led_mask
    funct_led.o(.text) refers to lib_led.o(.data) for led_value
    lib_led.o(.text) refers to lib_led.o(.data) for led_value
    irq_button.o(.text) refers to irq_rit.o(.data) for down_key0
    irq_rit.o(.text) refers to _printf_percent.o(.ARM.Collect$$_printf_percent$$00000000) for _printf_percent
    irq_rit.o(.text) refers to _printf_d.o(.ARM.Collect$$_printf_percent$$00000009) for _printf_d
    irq_rit.o(.text) refers to _printf_dec.o(.text) for _printf_int_dec
    irq_rit.o(.text) refers to glcd.o(.text) for GUI_Text
    irq_rit.o(.text) refers to lib_can.o(.text) for CAN_wrMsg
    irq_rit.o(.text) refers to lib_timer.o(.text) for init_timer
    irq_rit.o(.text) refers to drawing.o(.text) for menu_opposite_player
    irq_rit.o(.text) refers to gioco.o(.text) for inizia_partita
    irq_rit.o(.text) refers to irq_button.o(.data) for game_mode
    irq_rit.o(.text) refers to irq_rit.o(.data) for s_t
    irq_rit.o(.text) refers to lib_can.o(.bss) for CAN_TxMsg
    irq_rit.o(.text) refers to irq_can.o(.data) for ospite
    irq_rit.o(.text) refers to noretval__2sprintf.o(.text) for __2sprintf
    irq_rit.o(.text) refers to irq_rit.o(.bss) for muri_definitivi
    irq_rit.o(.text) refers to gioco.o(.bss) for mossa__npc
    glcd.o(.text) refers to glcd.o(.data) for LCD_Code
    glcd.o(.text) refers to asciilib.o(.text) for GetASCIICode
    hzlib.o(.text) refers to rt_memcpy_v6.o(.text) for __aeabi_memcpy
    hzlib.o(.text) refers to hzlib.o(.constdata) for HzLib
    asciilib.o(.text) refers to rt_memcpy_v6.o(.text) for __aeabi_memcpy
    asciilib.o(.text) refers to asciilib.o(.constdata) for AsciiLib
    irq_timer.o(.text) refers to _printf_percent.o(.ARM.Collect$$_printf_percent$$00000000) for _printf_percent
    irq_timer.o(.text) refers to _printf_d.o(.ARM.Collect$$_printf_percent$$00000009) for _printf_d
    irq_timer.o(.text) refers to _printf_dec.o(.text) for _printf_int_dec
    irq_timer.o(.text) refers to glcd.o(.text) for LCD_Clear
    irq_timer.o(.text) refers to lib_rit.o(.text) for disable_RIT
    irq_timer.o(.text) refers to drawing.o(.text) for colora_caselle_vicine
    irq_timer.o(.text) refers to gioco.o(.text) for controlla_presenza_orizzontale
    irq_timer.o(.text) refers to noretval__2sprintf.o(.text) for __2sprintf
    irq_timer.o(.text) refers to irq_button.o(.data) for secondi
    irq_timer.o(.text) refers to irq_rit.o(.data) for mosso
    irq_timer.o(.text) refers to irq_can.o(.data) for ospite
    drawing.o(.text) refers to _printf_percent.o(.ARM.Collect$$_printf_percent$$00000000) for _printf_percent
    drawing.o(.text) refers to _printf_d.o(.ARM.Collect$$_printf_percent$$00000009) for _printf_d
    drawing.o(.text) refers to _printf_dec.o(.text) for _printf_int_dec
    drawing.o(.text) refers to glcd.o(.text) for LCD_SetPoint
    drawing.o(.text) refers to noretval__2sprintf.o(.text) for __2sprintf
    drawing.o(.text) refers to drawing.o(.data) for k
    drawing.o(.text) refers to irq_button.o(.data) for p1_wall
    drawing.o(.text) refers to dflt_clz.o(x$fpl$dflt) for __aeabi_i2d
    drawing.o(.text) refers to dflt_clz.o(x$fpl$dfltu) for __aeabi_ui2d
    drawing.o(.text) refers to dmul.o(x$fpl$dmul) for __aeabi_dmul
    drawing.o(.text) refers to daddsub_clz.o(x$fpl$dadd) for __aeabi_dadd
    drawing.o(.text) refers to dfixu.o(x$fpl$dfixu) for __aeabi_d2uiz
    drawing.o(.text) refers to irq_rit.o(.data) for posizione_wall
    drawing.o(.text) refers to gioco.o(.text) for is_finished
    gioco.o(.text) refers to _printf_percent.o(.ARM.Collect$$_printf_percent$$00000000) for _printf_percent
    gioco.o(.text) refers to _printf_d.o(.ARM.Collect$$_printf_percent$$00000009) for _printf_d
    gioco.o(.text) refers to _printf_dec.o(.text) for _printf_int_dec
    gioco.o(.text) refers to lib_rit.o(.text) for disable_RIT
    gioco.o(.text) refers to lib_timer.o(.text) for disable_timer
    gioco.o(.text) refers to glcd.o(.text) for LCD_Clear
    gioco.o(.text) refers to drawing.o(.text) for create_wall
    gioco.o(.text) refers to irq_rit.o(.bss) for muri_definitivi
    gioco.o(.text) refers to irq_rit.o(.data) for counter_muri
    gioco.o(.text) refers to gioco.o(.data) for vittoria
[...]
    startup_lpc17xx.o(RESET) refers to startup_lpc17xx.o(STACK) for __initial_sp
    startup_lpc17xx.o(RESET) refers to startup_lpc17xx.o(.text) for Reset_Handler
    startup_lpc17xx.o(RESET) refers to irq_timer.o(.text) for TIMER0_IRQHandler
    startup_lpc17xx.o(RESET) refers to irq_button.o(.text) for EINT0_IRQHandler
    startup_lpc17xx.o(RESET) refers to irq_can.o(.text) for CAN_IRQHandler
    startup_lpc17xx.o(RESET) refers to irq_rit.o(.text) for RIT_IRQHandler
    startup_lpc17xx.o(.ARM.__at_0x02FC) refers (Special) to heapauxi.o(.text) for __use_two_region_memory
    startup_lpc17xx.o(.text) refers (Special) to heapauxi.o(.text) for __use_two_region_memory
    startup_lpc17xx.o(.text) refers to __main.o(!!!main) for __main
    startup_lpc17xx.o(.text) refers to startup_lpc17xx.o(HEAP) for Heap_Mem
    startup_lpc17xx.o(.text) refers to startup_lpc17xx.o(STACK) for Stack_Mem
    lib_can.o(.text) refers to lib_can.o(.data) for result
    lib_can.o(.text) refers to lib_can.o(.constdata) for CAN_BIT_TIME
    irq_can.o(.text) refers to lib_can.o(.text) for CAN_rdMsg
    irq_can.o(.text) refers to gioco.o(.text) for effettua_mossa
    irq_can.o(.text) refers to drawing.o(.text) for menu_opposite_player
    irq_can.o(.text) refers to lib_timer.o(.text) for disable_timer
    irq_can.o(.text) refers to lib_can.o(.data) for icr
    irq_can.o(.text) refers to lib_can.o(.bss) for CAN_RxMsg
    irq_can.o(.text) refers to irq_can.o(.data) for handshake_ricevuto
    irq_can.o(.text) refers to irq_button.o(.data) for game_mode
    irq_can.o(.text) refers to irq_rit.o(.data) for first
    __2sprintf.o(.text) refers to _printf_char_common.o(.text) for _printf_char_common
    __2sprintf.o(.text) refers to _sputc.o(.text) for _sputc
    noretval__2sprintf.o(.text) refers to _printf_char_common.o(.text) for _printf_char_common
    noretval__2sprintf.o(.text) refers to _sputc.o(.text) for _sputc
    __printf.o(.text) refers to _printf_percent.o(.ARM.Collect$$_printf_percent$$00000000) for _printf_percent
    _printf_dec.o(.text) refers to _printf_intcommon.o(.text) for _printf_int_common
    __printf_flags.o(.text) refers to _printf_percent.o(.ARM.Collect$$_printf_percent$$00000000) for _printf_percent
    __printf_flags.o(.text) refers to __printf_flags.o(.constdata) for .constdata
    __printf_ss.o(.text) refers to _printf_percent.o(.ARM.Collect$$_printf_percent$$00000000) for _printf_percent
    __printf_flags_ss.o(.text) refers to _printf_percent.o(.ARM.Collect$$_printf_percent$$00000000) for _printf_percent
    __printf_flags_ss.o(.text) refers to __printf_flags_ss.o(.constdata) for .constdata
    __printf_wp.o(.text) refers to __printf_wp.o(i._is_digit) for _is_digit
    __printf_wp.o(.text) refers to _printf_percent.o(.ARM.Collect$$_printf_percent$$00000000) for _printf_percent
    __printf_flags_wp.o(.text) refers to __printf_wp.o(i._is_digit) for _is_digit
    __printf_flags_wp.o(.text) refers to _printf_percent.o(.ARM.Collect$$_printf_percent$$00000000) for _printf_percent
    __printf_flags_wp.o(.text) refers to __printf_flags_wp.o(.constdata) for .constdata
    __printf_ss_wp.o(.text) refers to __printf_wp.o(i._is_digit) for _is_digit
    __printf_ss_wp.o(.text) refers to _printf_percent.o(.ARM.Collect$$_printf_percent$$00000000) for _printf_percent
    __printf_flags_ss_wp.o(.text) refers to __printf_wp.o(i._is_digit) for _is_digit
    __printf_flags_ss_wp.o(.text) refers to _printf_percent.o(.ARM.Collect$$_printf_percent$$00000000) for _printf_percent
    __printf_flags_ss_wp.o(.text) refers to __printf_flags_ss_wp.o(.constdata) for .constdata
    _printf_d.o(.ARM.Collect$$_printf_percent$$00000009) refers (Weak) to _printf_dec.o(.text) for _printf_int_dec
    _printf_percent.o(.ARM.Collect$$_printf_percent$$00000000) refers (Special) to _printf_percent_end.o(.ARM.Collect$$_printf_percent$$00000017) for _printf_percent_end
    rt_memcpy_v6.o(.text) refers to rt_memcpy_w.o(.text) for __aeabi_memcpy4
    __main.o(!!!main) refers to __rtentry.o(.ARM.Collect$$rtentry$$00000000) for __rt_entry
    daddsub_clz.o(x$fpl$dadd) refers (Special) to usenofp.o(x$fpl$usenofp) for __I$use$fp
    daddsub_clz.o(x$fpl$dadd) refers to daddsub_clz.o(x$fpl$dsub) for _dsub1
    daddsub_clz.o(x$fpl$dadd) refers to dretinf.o(x$fpl$dretinf) for __fpl_dretinf
    daddsub_clz.o(x$fpl$dadd) refers to dnaninf.o(x$fpl$dnaninf) for __fpl_dnaninf
    daddsub_clz.o(x$fpl$drsb) refers (Special) to usenofp.o(x$fpl$usenofp) for __I$use$fp
    daddsub_clz.o(x$fpl$drsb) refers to daddsub_clz.o(x$fpl$dadd) for _dadd1
    daddsub_clz.o(x$fpl$drsb) refers to daddsub_clz.o(x$fpl$dsub) for _dsub1
    daddsub_clz.o(x$fpl$dsub) refers (Special) to usenofp.o(x$fpl$usenofp) for __I$use$fp
    daddsub_clz.o(x$fpl$dsub) refers to daddsub_clz.o(x$fpl$dadd) for _dadd1
    daddsub_clz.o(x$fpl$dsub) refers to dnaninf.o(x$fpl$dnaninf) for __fpl_dnaninf
    dfixu.o(x$fpl$dfixu) refers (Special) to usenofp.o(x$fpl$usenofp) for __I$use$fp
    dfixu.o(x$fpl$dfixu) refers to dnaninf.o(x$fpl$dnaninf) for __fpl_dnaninf
    dfixu.o(x$fpl$dfixur) refers (Special) to usenofp.o(x$fpl$usenofp) for __I$use$fp
    dfixu.o(x$fpl$dfixur) refers to dnaninf.o(x$fpl$dnaninf) for __fpl_dnaninf
    dflt_clz.o(x$fpl$dfltu) refers (Special) to usenofp.o(x$fpl$usenofp) for __I$use$fp
    dflt_clz.o(x$fpl$dflt) refers (Special) to usenofp.o(x$fpl$usenofp) for __I$use$fp
    dflt_clz.o(x$fpl$dfltn) refers (Special) to usenofp.o(x$fpl$usenofp) for __I$use$fp
    dmul.o(x$fpl$dmul) refers (Special) to usenofp.o(x$fpl$usenofp) for __I$use$fp
    dmul.o(x$fpl$dmul) refers to dretinf.o(x$fpl$dretinf) for __fpl_dretinf
    dmul.o(x$fpl$dmul) refers to dnaninf.o(x$fpl$dnaninf) for __fpl_dnaninf
    __rtentry.o(.ARM.Collect$$rtentry$$00000000) refers (Special) to __rtentry2.o(.ARM.Collect$$rtentry$$0000000A) for __rt_entry_li
    __rtentry.o(.ARM.Collect$$rtentry$$00000000) refers (Special) to __rtentry2.o(.ARM.Collect$$rtentry$$0000000D) for __rt_entry_main
    __rtentry.o(.ARM.Collect$$rtentry$$00000000) refers (Special) to __rtentry2.o(.ARM.Collect$$rtentry$$0000000C) for __rt_entry_postli_1
    __rtentry.o(.ARM.Collect$$rtentry$$00000000) refers (Special) to __rtentry2.o(.ARM.Collect$$rtentry$$00000009) for __rt_entry_postsh_1
    __rtentry.o(.ARM.Collect$$rtentry$$00000000) refers (Special) to __rtentry2.o(.ARM.Collect$$rtentry$$00000002) for __rt_entry_presh_1
    __rtentry.o(.ARM.Collect$$rtentry$$00000000) refers (Special) to __rtentry4.o(.ARM.Collect$$rtentry$$00000004) for __rt_entry_sh
    _printf_char_common.o(.text) refers to __printf.o(.text) for __printf
    dnaninf.o(x$fpl$dnaninf) refers (Special) to usenofp.o(x$fpl$usenofp) for __I$use$fp
    dretinf.o(x$fpl$dretinf) refers (Special) to usenofp.o(x$fpl$usenofp) for __I$use$fp
    __rtentry2.o(.ARM.Collect$$rtentry$$00000008) refers to boardinit2.o(.text) for _platform_post_stackheap_init
    __rtentry2.o(.ARM.Collect$$rtentry$$0000000A) refers to libinit.o(.ARM.Collect$$libinit$$00000000) for __rt_lib_init
    __rtentry2.o(.ARM.Collect$$rtentry$$0000000B) refers to boardinit3.o(.text) for _platform_post_lib_init
    __rtentry2.o(.ARM.Collect$$rtentry$$0000000D) refers to sample.o(.text) for main
    __rtentry2.o(.ARM.Collect$$rtentry$$0000000D) refers to exit.o(.text) for exit
    __rtentry2.o(.ARM.exidx) refers to __rtentry2.o(.ARM.Collect$$rtentry$$00000001) for .ARM.Collect$$rtentry$$00000001
    __rtentry2.o(.ARM.exidx) refers to __rtentry2.o(.ARM.Collect$$rtentry$$00000008) for .ARM.Collect$$rtentry$$00000008
    __rtentry2.o(.ARM.exidx) refers to __rtentry2.o(.ARM.Collect$$rtentry$$0000000A) for .ARM.Collect$$rtentry$$0000000A
    __rtentry2.o(.ARM.exidx) refers to __rtentry2.o(.ARM.Collect$$rtentry$$0000000B) for .ARM.Collect$$rtentry$$0000000B
    __rtentry2.o(.ARM.exidx) refers to __rtentry2.o(.ARM.Collect$$rtentry$$0000000D) for .ARM.Collect$$rtentry$$0000000D
    __rtentry4.o(.ARM.Collect$$rtentry$$00000004) refers to sys_stackheap_outer.o(.text) for __user_setup_stackheap
    __rtentry4.o(.ARM.exidx) refers to __rtentry4.o(.ARM.Collect$$rtentry$$00000004) for .ARM.Collect$$rtentry$$00000004
    sys_stackheap_outer.o(.text) refers to libspace.o(.text) for __user_perproc_libspace
    sys_stackheap_outer.o(.text) refers to startup_lpc17xx.o(.text) for __user_initial_stackheap
    exit.o(.text) refers to rtexit.o(.ARM.Collect$$rtexit$$00000000) for __rt_exit
    libinit.o(.ARM.Collect$$libinit$$00000000) refers (Special) to libinit2.o(.ARM.Collect$$libinit$$0000002E) for __rt_lib_init_alloca_1
    libinit.o(.ARM.Collect$$libinit$$00000000) refers (Special) to libinit2.o(.ARM.Collect$$libinit$$0000002C) for __rt_lib_init_argv_1
    libinit.o(.ARM.Collect$$libinit$$00000000) refers (Special) to libinit2.o(.ARM.Collect$$libinit$$0000001B) for __rt_lib_init_atexit_1
    libinit.o(.ARM.Collect$$libinit$$00000000) refers (Special) to libinit2.o(.ARM.Collect$$libinit$$00000021) for __rt_lib_init_clock_1
    libinit.o(.ARM.Collect$$libinit$$00000000) refers (Special) to libinit2.o(.ARM.Collect$$libinit$$00000032) for __rt_lib_init_cpp_1
    libinit.o(.ARM.Collect$$libinit$$00000000) refers (Special) to libinit2.o(.ARM.Collect$$libinit$$00000030) for __rt_lib_init_exceptions_1
    libinit.o(.ARM.Collect$$libinit$$00000000) refers (Special) to libinit2.o(.ARM.Collect$$libinit$$00000002) for __rt_lib_init_fp_1
    libinit.o(.ARM.Collect$$libinit$$00000000) refers (Special) to libinit2.o(.ARM.Collect$$libinit$$0000001F) for __rt_lib_init_fp_trap_1
    libinit.o(.ARM.Collect$$libinit$$00000000) refers (Special) to libinit2.o(.ARM.Collect$$libinit$$00000023) for __rt_lib_init_getenv_1
    libinit.o(.ARM.Collect$$libinit$$00000000) refers (Special) to libinit2.o(.ARM.Collect$$libinit$$0000000A) for __rt_lib_init_heap_1
    libinit.o(.ARM.Collect$$libinit$$00000000) refers (Special) to libinit2.o(.ARM.Collect$$libinit$$00000011) for __rt_lib_init_lc_collate_1
    libinit.o(.ARM.Collect$$libinit$$00000000) refers (Special) to libinit2.o(.ARM.Collect$$libinit$$00000013) for __rt_lib_init_lc_ctype_1
    libinit.o(.ARM.Collect$$libinit$$00000000) refers (Special) to libinit2.o(.ARM.Collect$$libinit$$00000015) for __rt_lib_init_lc_monetary_1
    libinit.o(.ARM.Collect$$libinit$$00000000) refers (Special) to libinit2.o(.ARM.Collect$$libinit$$00000017) for __rt_lib_init_lc_numeric_1
    libinit.o(.ARM.Collect$$libinit$$00000000) refers (Special) to libinit2.o(.ARM.Collect$$libinit$$00000019) for __rt_lib_init_lc_time_1
    libinit.o(.ARM.Collect$$libinit$$00000000) refers (Special) to libinit2.o(.ARM.Collect$$libinit$$00000004) for __rt_lib_init_preinit_1
    libinit.o(.ARM.Collect$$libinit$$00000000) refers (Special) to libinit2.o(.ARM.Collect$$libinit$$0000000E) for __rt_lib_init_rand_1
    libinit.o(.ARM.Collect$$libinit$$00000000) refers (Special) to libinit2.o(.ARM.Collect$$libinit$$00000033) for __rt_lib_init_return
    libinit.o(.ARM.Collect$$libinit$$00000000) refers (Special) to libinit2.o(.ARM.Collect$$libinit$$0000001D) for __rt_lib_init_signal_1
    libinit.o(.ARM.Collect$$libinit$$00000000) refers (Special) to libinit2.o(.ARM.Collect$$libinit$$00000025) for __rt_lib_init_stdio_1
    libinit.o(.ARM.Collect$$libinit$$00000000) refers (Special) to libinit2.o(.ARM.Collect$$libinit$$0000000C) for __rt_lib_init_user_alloc_1
    libspace.o(.text) refers to libspace.o(.bss) for __libspace_start
    rtexit.o(.ARM.Collect$$rtexit$$00000000) refers (Special) to rtexit2.o(.ARM.Collect$$rtexit$$00000004) for __rt_exit_exit
    rtexit.o(.ARM.Collect$$rtexit$$00000000) refers (Special) to rtexit2.o(.ARM.Collect$$rtexit$$00000003) for __rt_exit_ls
    rtexit.o(.ARM.Collect$$rtexit$$00000000) refers (Special) to rtexit2.o(.ARM.Collect$$rtexit$$00000002) for __rt_exit_prels_1
    rtexit.o(.ARM.exidx) refers (Special) to rtexit2.o(.ARM.Collect$$rtexit$$00000004) for __rt_exit_exit
    rtexit.o(.ARM.exidx) refers (Special) to rtexit2.o(.ARM.Collect$$rtexit$$00000003) for __rt_exit_ls
    rtexit.o(.ARM.exidx) refers (Special) to rtexit2.o(.ARM.Collect$$rtexit$$00000002) for __rt_exit_prels_1
    rtexit.o(.ARM.exidx) refers to rtexit.o(.ARM.Collect$$rtexit$$00000000) for .ARM.Collect$$rtexit$$00000000
    libinit2.o(.ARM.Collect$$libinit$$00000010) refers to libinit2.o(.ARM.Collect$$libinit$$0000000F) for .ARM.Collect$$libinit$$0000000F
    libinit2.o(.ARM.Collect$$libinit$$00000012) refers to libinit2.o(.ARM.Collect$$libinit$$0000000F) for .ARM.Collect$$libinit$$0000000F
    libinit2.o(.ARM.Collect$$libinit$$00000014) refers to libinit2.o(.ARM.Collect$$libinit$$0000000F) for .ARM.Collect$$libinit$$0000000F
    libinit2.o(.ARM.Collect$$libinit$$00000016) refers to libinit2.o(.ARM.Collect$$libinit$$0000000F) for .ARM.Collect$$libinit$$0000000F
    libinit2.o(.ARM.Collect$$libinit$$00000018) refers to libinit2.o(.ARM.Collect$$libinit$$0000000F) for .ARM.Collect$$libinit$$0000000F
    libinit2.o(.ARM.Collect$$libinit$$00000026) refers to argv_veneer.o(.emb_text) for __ARM_argv_veneer
    libinit2.o(.ARM.Collect$$libinit$$00000027) refers to argv_veneer.o(.emb_text) for __ARM_argv_veneer
    rtexit2.o(.ARM.Collect$$rtexit$$00000003) refers to libshutdown.o(.ARM.Collect$$libshutdown$$00000000) for __rt_lib_shutdown
    rtexit2.o(.ARM.Collect$$rtexit$$00000004) refers to sys_exit.o(.text) for _sys_exit
    rtexit2.o(.ARM.exidx) refers to rtexit2.o(.ARM.Collect$$rtexit$$00000001) for .ARM.Collect$$rtexit$$00000001
    rtexit2.o(.ARM.exidx) refers to rtexit2.o(.ARM.Collect$$rtexit$$00000003) for .ARM.Collect$$rtexit$$00000003
    rtexit2.o(.ARM.exidx) refers to rtexit2.o(.ARM.Collect$$rtexit$$00000004) for .ARM.Collect$$rtexit$$00000004
    argv_veneer.o(.emb_text) refers to no_argv.o(.text) for __ARM_get_argv
    sys_exit.o(.text) refers (Special) to use_no_semi.o(.text) for __I$use$semihosting
    sys_exit.o(.text) refers (Special) to indicate_semi.o(.text) for __semihosting_library_function
    _get_argv_nomalloc.o(.text) refers (Special) to hrguard.o(.text) for __heap_region$guard
    _get_argv_nomalloc.o(.text) refers to defsig_rtmem_outer.o(.text) for __rt_SIGRTMEM
    _get_argv_nomalloc.o(.text) refers to sys_command.o(.text) for _sys_command_string
    libshutdown.o(.ARM.Collect$$libshutdown$$00000000) refers (Special) to libshutdown2.o(.ARM.Collect$$libshutdown$$00000004) for __rt_lib_shutdown_cpp_1
    libshutdown.o(.ARM.Collect$$libshutdown$$00000000) refers (Special) to libshutdown2.o(.ARM.Collect$$libshutdown$$00000002) for __rt_lib_shutdown_fini_1
    libshutdown.o(.ARM.Collect$$libshutdown$$00000000) refers (Special) to libshutdown2.o(.ARM.Collect$$libshutdown$$00000009) for __rt_lib_shutdown_fp_trap_1
    libshutdown.o(.ARM.Collect$$libshutdown$$00000000) refers (Special) to libshutdown2.o(.ARM.Collect$$libshutdown$$00000011) for __rt_lib_shutdown_heap_1
    libshutdown.o(.ARM.Collect$$libshutdown$$00000000) refers (Special) to libshutdown2.o(.ARM.Collect$$libshutdown$$00000012) for __rt_lib_shutdown_return
    libshutdown.o(.ARM.Collect$$libshutdown$$00000000) refers (Special) to libshutdown2.o(.ARM.Collect$$libshutdown$$0000000C) for __rt_lib_shutdown_signal_1
    libshutdown.o(.ARM.Collect$$libshutdown$$00000000) refers (Special) to libshutdown2.o(.ARM.Collect$$libshutdown$$00000006) for __rt_lib_shutdown_stdio_1
    libshutdown.o(.ARM.Collect$$libshutdown$$00000000) refers (Special) to libshutdown2.o(.ARM.Collect$$libshutdown$$0000000E) for __rt_lib_shutdown_user_alloc_1
    sys_command.o(.text) refers (Special) to use_no_semi.o(.text) for __I$use$semihosting
    sys_command.o(.text) refers (Special) to indicate_semi.o(.text) for __semihosting_library_function
    defsig_rtmem_outer.o(.text) refers to defsig_rtmem_inner.o(.text) for __rt_SIGRTMEM_inner
    defsig_rtmem_outer.o(.text) refers to defsig_exit.o(.text) for __sig_exit
    defsig_rtmem_formal.o(.text) refers to rt_raise.o(.text) for __rt_raise
    rt_raise.o(.text) refers to __raise.o(.text) for __raise
    rt_raise.o(.text) refers to sys_exit.o(.text) for _sys_exit
    defsig_exit.o(.text) refers to sys_exit.o(.text) for _sys_exit
    defsig_rtmem_inner.o(.text) refers to defsig_general.o(.text) for __default_signal_display
    __raise.o(.text) refers to defsig.o(CL$$defsig) for __default_signal_handler
    defsig_general.o(.text) refers to sys_wrch.o(.text) for _ttywrch
    sys_wrch.o(.text) refers (Special) to use_no_semi.o(.text) for __I$use$semihosting
    sys_wrch.o(.text) refers (Special) to indicate_semi.o(.text) for __semihosting_library_function
    defsig.o(CL$$defsig) refers to defsig_rtmem_inner.o(.text) for __rt_SIGRTMEM_inner
    defsig_abrt_inner.o(.text) refers to defsig_general.o(.text) for __default_signal_display
    defsig_fpe_inner.o(.text) refers to defsig_general.o(.text) for __default_signal_display
    defsig_rtred_inner.o(.text) refers to defsig_general.o(.text) for __default_signal_display
    defsig_stak_inner.o(.text) refers to defsig_general.o(.text) for __default_signal_display
    defsig_pvfn_inner.o(.text) refers to defsig_general.o(.text) for __default_signal_display
    defsig_cppl_inner.o(.text) refers to defsig_general.o(.text) for __default_signal_display
    defsig_segv_inner.o(.text) refers to defsig_general.o(.text) for __default_signal_display
    defsig_other.o(.text) refers to defsig_general.o(.text) for __default_signal_display


==============================================================================

Removing Unused input sections from the image.

    Removing sample.o(.rev16_text), (4 bytes).
    Removing sample.o(.revsh_text), (4 bytes).
    Removing sample.o(.rrx_text), (6 bytes).
    Removing core_cm3.o(.emb_text), (32 bytes).
    Removing system_lpc17xx.o(.rev16_text), (4 bytes).
    Removing system_lpc17xx.o(.revsh_text), (4 bytes).
    Removing system_lpc17xx.o(.rrx_text), (6 bytes).
    Removing funct_led.o(.rev16_text), (4 bytes).
    Removing funct_led.o(.revsh_text), (4 bytes).
    Removing funct_led.o(.rrx_text), (6 bytes).
    Removing funct_led.o(.text), (108 bytes).
    Removing funct_led.o(.constdata), (32 bytes).
    Removing lib_led.o(.rev16_text), (4 bytes).
    Removing lib_led.o(.revsh_text), (4 bytes).
    Removing lib_led.o(.rrx_text), (6 bytes).
    Removing lib_led.o(.text), (64 bytes).
    Removing lib_led.o(.data), (1 bytes).
    Removing irq_button.o(.rev16_text), (4 bytes).
    Removing irq_button.o(.revsh_text), (4 bytes).
    Removing irq_button.o(.rrx_text), (6 bytes).
    Removing lib_button.o(.rev16_text), (4 bytes).
    Removing lib_button.o(.revsh_text), (4 bytes).
    Removing lib_button.o(.rrx_text), (6 bytes).
    Removing irq_rit.o(.rev16_text), (4 bytes).
    Removing irq_rit.o(.revsh_text), (4 bytes).
    Removing irq_rit.o(.rrx_text), (6 bytes).
    Removing lib_rit.o(.rev16_text), (4 bytes).
    Removing lib_rit.o(.revsh_text), (4 bytes).
    Removing lib_rit.o(.rrx_text), (6 bytes).
    Removing lib_joystick.o(.rev16_text), (4 bytes).
    Removing lib_joystick.o(.revsh_text), (4 bytes).
    Removing lib_joystick.o(.rrx_text), (6 bytes).
    Removing glcd.o(.rev16_text), (4 bytes).
    Removing glcd.o(.revsh_text), (4 bytes).
    Removing glcd.o(.rrx_text), (6 bytes).
    Removing hzlib.o(.text), (52 bytes).
    Removing hzlib.o(.constdata), (216576 bytes).
    Removing irq_timer.o(.rev16_text), (4 bytes).
    Removing irq_timer.o(.revsh_text), (4 bytes).
    Removing irq_timer.o(.rrx_text), (6 bytes).
    Removing lib_timer.o(.rev16_text), (4 bytes).
    Removing lib_timer.o(.revsh_text), (4 bytes).
    Removing lib_timer.o(.rrx_text), (6 bytes).
    Removing drawing.o(.rev16_text), (4 bytes).
    Removing drawing.o(.revsh_text), (4 bytes).
    Removing drawing.o(.rrx_text), (6 bytes).
    Removing gioco.o(.rev16_text), (4 bytes).
    Removing gioco.o(.revsh_text), (4 bytes).
    Removing gioco.o(.rrx_text), (6 bytes).
    Removing lib_can.o(.rev16_text), (4 bytes).
    Removing lib_can.o(.revsh_text), (4 bytes).
    Removing lib_can.o(.rrx_text), (6 bytes).
    Removing irq_can.o(.rev16_text), (4 bytes).
    Removing irq_can.o(.revsh_text), (4 bytes).
    Removing irq_can.o(.rrx_text), (6 bytes).

55 unused section(s) (total 217089 bytes) removed from the image.

==============================================================================

Image Symbol Table

    Local Symbols

    Symbol Name                              Value     Ov Type        Size  Object(Section)

    RESET                                    0x00000000   Section      204  startup_lpc17xx.o(RESET)
    ../clib/angel/boardlib.s                 0x00000000   Number         0  boardshut.o ABSOLUTE
    ../clib/angel/boardlib.s                 0x00000000   Number         0  boardinit1.o ABSOLUTE
    ../clib/angel/boardlib.s                 0x00000000   Number         0  boardinit2.o ABSOLUTE
    ../clib/angel/boardlib.s                 0x00000000   Number         0  boardinit3.o ABSOLUTE
    ../clib/angel/dczerorl2.s                0x00000000   Number         0  __dczerorl2.o ABSOLUTE
    ../clib/angel/handlers.s                 0x00000000   Number         0  __scatter_zi.o ABSOLUTE
    ../clib/angel/kernel.s                   0x00000000   Number         0  rtexit.o ABSOLUTE
    ../clib/angel/kernel.s                   0x00000000   Number         0  rtexit2.o ABSOLUTE
    ../clib/angel/kernel.s                   0x00000000   Number         0  __rtentry2.o ABSOLUTE
    ../clib/angel/kernel.s                   0x00000000   Number         0  __rtentry4.o ABSOLUTE
    ../clib/angel/kernel.s                   0x00000000   Number         0  __rtentry.o ABSOLUTE
    ../clib/angel/rt.s                       0x00000000   Number         0  rt_raise.o ABSOLUTE
    ../clib/angel/scatter.s                  0x00000000   Number         0  __scatter.o ABSOLUTE
    ../clib/angel/startup.s                  0x00000000   Number         0  __main.o ABSOLUTE
    ../clib/angel/sys.s                      0x00000000   Number         0  sys_stackheap_outer.o ABSOLUTE
    ../clib/angel/sys.s                      0x00000000   Number         0  use_no_semi.o ABSOLUTE
    ../clib/angel/sys.s                      0x00000000   Number         0  indicate_semi.o ABSOLUTE
    ../clib/angel/sys.s                      0x00000000   Number         0  libspace.o ABSOLUTE
    ../clib/angel/sysapp.c                   0x00000000   Number         0  sys_wrch.o ABSOLUTE
    ../clib/angel/sysapp.c                   0x00000000   Number         0  sys_command.o ABSOLUTE
    ../clib/angel/sysapp.c                   0x00000000   Number         0  sys_exit.o ABSOLUTE
    ../clib/armsys.c                         0x00000000   Number         0  argv_veneer.o ABSOLUTE
    ../clib/armsys.c                         0x00000000   Number         0  _get_argv_nomalloc.o ABSOLUTE
    ../clib/armsys.c                         0x00000000   Number         0  no_argv.o ABSOLUTE
    ../clib/armsys.c                         0x00000000   Number         0  argv_veneer.o ABSOLUTE
    ../clib/heapalloc.c                      0x00000000   Number         0  hrguard.o ABSOLUTE
    ../clib/heapaux.c                        0x00000000   Number         0  heapauxi.o ABSOLUTE
    ../clib/libinit.s                        0x00000000   Number         0  libshutdown2.o ABSOLUTE
    ../clib/libinit.s                        0x00000000   Number         0  libshutdown.o ABSOLUTE
    ../clib/libinit.s                        0x00000000   Number         0  libinit2.o ABSOLUTE
    ../clib/libinit.s                        0x00000000   Number         0  libinit.o ABSOLUTE
    ../clib/memcpset.s                       0x00000000   Number         0  rt_memcpy_w.o ABSOLUTE
    ../clib/memcpset.s                       0x00000000   Number         0  rt_memcpy_v6.o ABSOLUTE
    ../clib/printf.c                         0x00000000   Number         0  __printf_wp.o ABSOLUTE
    ../clib/printf.c                         0x00000000   Number         0  __printf_flags_wp.o ABSOLUTE
    ../clib/printf.c                         0x00000000   Number         0  _printf_char_common.o ABSOLUTE
    ../clib/printf.c                         0x00000000   Number         0  _printf_intcommon.o ABSOLUTE
    ../clib/printf.c                         0x00000000   Number         0  _sputc.o ABSOLUTE
    ../clib/printf.c                         0x00000000   Number         0  __2sprintf.o ABSOLUTE
    ../clib/printf.c                         0x00000000   Number         0  noretval__2sprintf.o ABSOLUTE
    ../clib/printf.c                         0x00000000   Number         0  __printf_ss_wp.o ABSOLUTE
    ../clib/printf.c                         0x00000000   Number         0  __printf.o ABSOLUTE
    ../clib/printf.c                         0x00000000   Number         0  __printf_flags_ss_wp.o ABSOLUTE
    ../clib/printf.c                         0x00000000   Number         0  _printf_dec.o ABSOLUTE
    ../clib/printf.c                         0x00000000   Number         0  __printf_nopercent.o ABSOLUTE
    ../clib/printf.c                         0x00000000   Number         0  __printf_flags.o ABSOLUTE
    ../clib/printf.c                         0x00000000   Number         0  __printf_ss.o ABSOLUTE
    ../clib/printf.c                         0x00000000   Number         0  __printf_flags_ss.o ABSOLUTE
    ../clib/printf_percent.s                 0x00000000   Number         0  _printf_d.o ABSOLUTE
    ../clib/printf_percent.s                 0x00000000   Number         0  _printf_percent.o ABSOLUTE
    ../clib/printf_percent.s                 0x00000000   Number         0  _printf_percent_end.o ABSOLUTE
    ../clib/signal.c                         0x00000000   Number         0  defsig_rtred_inner.o ABSOLUTE
    ../clib/signal.c                         0x00000000   Number         0  defsig_other.o ABSOLUTE
    ../clib/signal.c                         0x00000000   Number         0  defsig_segv_inner.o ABSOLUTE
    ../clib/signal.c                         0x00000000   Number         0  defsig_cppl_inner.o ABSOLUTE
    ../clib/signal.c                         0x00000000   Number         0  defsig_pvfn_inner.o ABSOLUTE
    ../clib/signal.c                         0x00000000   Number         0  defsig_stak_inner.o ABSOLUTE
    ../clib/signal.c                         0x00000000   Number         0  defsig_fpe_inner.o ABSOLUTE
    ../clib/signal.c                         0x00000000   Number         0  defsig_abrt_inner.o ABSOLUTE
    ../clib/signal.c                         0x00000000   Number         0  defsig_general.o ABSOLUTE
    ../clib/signal.c                         0x00000000   Number         0  __raise.o ABSOLUTE
    ../clib/signal.c                         0x00000000   Number         0  defsig_rtmem_inner.o ABSOLUTE
    ../clib/signal.c                         0x00000000   Number         0  defsig_exit.o ABSOLUTE
    ../clib/signal.c                         0x00000000   Number         0  defsig_rtmem_formal.o ABSOLUTE
    ../clib/signal.c                         0x00000000   Number         0  defsig_rtmem_outer.o ABSOLUTE
    ../clib/signal.s                         0x00000000   Number         0  defsig.o ABSOLUTE
    ../clib/stdlib.c                         0x00000000   Number         0  exit.o ABSOLUTE
    ../fplib/daddsub.s                       0x00000000   Number         0  daddsub_clz.o ABSOLUTE
    ../fplib/dfixu.s                         0x00000000   Number         0  dfixu.o ABSOLUTE
    ../fplib/dflt.s                          0x00000000   Number         0  dflt_clz.o ABSOLUTE
    ../fplib/dmul.s                          0x00000000   Number         0  dmul.o ABSOLUTE
    ../fplib/dnaninf.s                       0x00000000   Number         0  dnaninf.o ABSOLUTE
    ../fplib/dretinf.s                       0x00000000   Number         0  dretinf.o ABSOLUTE
    ../fplib/fpinit.s                        0x00000000   Number         0  fpinit.o ABSOLUTE
    ../fplib/usenofp.s                       0x00000000   Number         0  usenofp.o ABSOLUTE
    CAN\IRQ_CAN.c                            0x00000000   Number         0  irq_can.o ABSOLUTE
    CAN\\IRQ_CAN.c                           0x00000000   Number         0  irq_can.o ABSOLUTE
    CAN\\lib_CAN.c                           0x00000000   Number         0  lib_can.o ABSOLUTE
    CAN\lib_CAN.c                            0x00000000   Number         0  lib_can.o ABSOLUTE
    GLCD\AsciiLib.c                          0x00000000   Number         0  asciilib.o ABSOLUTE
    GLCD\GLCD.c                              0x00000000   Number         0  glcd.o ABSOLUTE
    GLCD\HzLib.c                             0x00000000   Number         0  hzlib.o ABSOLUTE
    GLCD\\GLCD.c                             0x00000000   Number         0  glcd.o ABSOLUTE
    RIT\IRQ_RIT.c                            0x00000000   Number         0  irq_rit.o ABSOLUTE
    RIT\\IRQ_RIT.c                           0x00000000   Number         0  irq_rit.o ABSOLUTE
    RIT\\lib_RIT.c                           0x00000000   Number         0  lib_rit.o ABSOLUTE
    RIT\lib_RIT.c                            0x00000000   Number         0  lib_rit.o ABSOLUTE
    button_EXINT\IRQ_button.c                0x00000000   Number         0  irq_button.o ABSOLUTE
    button_EXINT\\IRQ_button.c               0x00000000   Number         0  irq_button.o ABSOLUTE
    button_EXINT\\lib_button.c               0x00000000   Number         0  lib_button.o ABSOLUTE
    button_EXINT\lib_button.c                0x00000000   Number         0  lib_button.o ABSOLUTE
    core_cm3.c                               0x00000000   Number         0  core_cm3.o ABSOLUTE
    core_cm3.c                               0x00000000   Number         0  core_cm3.o ABSOLUTE
    dc.s                                     0x00000000   Number         0  dc.o ABSOLUTE
    drawing.c                                0x00000000   Number         0  drawing.o ABSOLUTE
    drawing.c                                0x00000000   Number         0  drawing.o ABSOLUTE
    gioco.c                                  0x00000000   Number         0  gioco.o ABSOLUTE
    gioco.c                                  0x00000000   Number         0  gioco.o ABSOLUTE
    joystick\\lib_joystick.c                 0x00000000   Number         0  lib_joystick.o ABSOLUTE
    joystick\lib_joystick.c                  0x00000000   Number         0  lib_joystick.o ABSOLUTE
    led\\funct_led.c                         0x00000000   Number         0  funct_led.o ABSOLUTE
    led\\lib_led.c                           0x00000000   Number         0  lib_led.o ABSOLUTE
    led\funct_led.c                          0x00000000   Number         0  funct_led.o ABSOLUTE
    led\lib_led.c                            0x00000000   Number         0  lib_led.o ABSOLUTE
    sample.c                                 0x00000000   Number         0  sample.o ABSOLUTE
    sample.c                                 0x00000000   Number         0  sample.o ABSOLUTE
    startup_LPC17xx.s                        0x00000000   Number         0  startup_lpc17xx.o ABSOLUTE
    system_LPC17xx.c                         0x00000000   Number         0  system_lpc17xx.o ABSOLUTE
    system_LPC17xx.c                         0x00000000   Number         0  system_lpc17xx.o ABSOLUTE
    timer\IRQ_timer.c                        0x00000000   Number         0  irq_timer.o ABSOLUTE
    timer\\IRQ_timer.c                       0x00000000   Number         0  irq_timer.o ABSOLUTE
    timer\\lib_timer.c                       0x00000000   Number         0  lib_timer.o ABSOLUTE
    timer\lib_timer.c                        0x00000000   Number         0  lib_timer.o ABSOLUTE
    !!!main                                  0x000000cc   Section        8  __main.o(!!!main)
    !!!scatter                               0x000000d4   Section       52  __scatter.o(!!!scatter)
    !!dczerorl2                              0x00000108   Section       90  __dczerorl2.o(!!dczerorl2)
    !!handler_zi                             0x00000164   Section       28  __scatter_zi.o(!!handler_zi)
    .ARM.Collect$$_printf_percent$$00000000  0x00000180   Section        0  _printf_percent.o(.ARM.Collect$$_printf_percent$$00000000)
    .ARM.Collect$$_printf_percent$$00000009  0x00000180   Section        6  _printf_d.o(.ARM.Collect$$_printf_percent$$00000009)
    .ARM.Collect$$_printf_percent$$00000017  0x00000186   Section        4  _printf_percent_end.o(.ARM.Collect$$_printf_percent$$00000017)
    .ARM.Collect$$libinit$$00000000          0x0000018a   Section        2  libinit.o(.ARM.Collect$$libinit$$00000000)
    .ARM.Collect$$libinit$$00000002          0x0000018c   Section        0  libinit2.o(.ARM.Collect$$libinit$$00000002)
    .ARM.Collect$$libinit$$00000004          0x0000018c   Section        0  libinit2.o(.ARM.Collect$$libinit$$00000004)
    .ARM.Collect$$libinit$$0000000A          0x0000018c   Section        0  libinit2.o(.ARM.Collect$$libinit$$0000000A)
    .ARM.Collect$$libinit$$0000000C          0x0000018c   Section        0  libinit2.o(.ARM.Collect$$libinit$$0000000C)
    .ARM.Collect$$libinit$$0000000E          0x0000018c   Section        0  libinit2.o(.ARM.Collect$$libinit$$0000000E)
    .ARM.Collect$$libinit$$00000011          0x0000018c   Section        0  libinit2.o(.ARM.Collect$$libinit$$00000011)
    .ARM.Collect$$libinit$$00000013          0x0000018c   Section        0  libinit2.o(.ARM.Collect$$libinit$$00000013)
    .ARM.Collect$$libinit$$00000015          0x0000018c   Section        0  libinit2.o(.ARM.Collect$$libinit$$00000015)
    .ARM.Collect$$libinit$$00000017          0x0000018c   Section        0  libinit2.o(.ARM.Collect$$libinit$$00000017)
    .ARM.Collect$$libinit$$00000019          0x0000018c   Section        0  libinit2.o(.ARM.Collect$$libinit$$00000019)
    .ARM.Collect$$libinit$$0000001B          0x0000018c   Section        0  libinit2.o(.ARM.Collect$$libinit$$0000001B)
    .ARM.Collect$$libinit$$0000001D          0x0000018c   Section        0  libinit2.o(.ARM.Collect$$libinit$$0000001D)
    .ARM.Collect$$libinit$$0000001F          0x0000018c   Section        0  libinit2.o(.ARM.Collect$$libinit$$0000001F)
    .ARM.Collect$$libinit$$00000021          0x0000018c   Section        0  libinit2.o(.ARM.Collect$$libinit$$00000021)
    .ARM.Collect$$libinit$$00000023          0x0000018c   Section        0  libinit2.o(.ARM.Collect$$libinit$$00000023)
    .ARM.Collect$$libinit$$00000025          0x0000018c   Section        0  libinit2.o(.ARM.Collect$$libinit$$00000025)
    .ARM.Collect$$libinit$$0000002C          0x0000018c   Section        0  libinit2.o(.ARM.Collect$$libinit$$0000002C)
    .ARM.Collect$$libinit$$0000002E          0x0000018c   Section        0  libinit2.o(.ARM.Collect$$libinit$$0000002E)
    .ARM.Collect$$libinit$$00000030          0x0000018c   Section        0  libinit2.o(.ARM.Collect$$libinit$$00000030)
    .ARM.Collect$$libinit$$00000032          0x0000018c   Section        0  libinit2.o(.ARM.Collect$$libinit$$00000032)
    .ARM.Collect$$libinit$$00000033          0x0000018c   Section        2  libinit2.o(.ARM.Collect$$libinit$$00000033)
    .ARM.Collect$$libshutdown$$00000000      0x0000018e   Section        2  libshutdown.o(.ARM.Collect$$libshutdown$$00000000)
    .ARM.Collect$$libshutdown$$00000002      0x00000190   Section        0  libshutdown2.o(.ARM.Collect$$libshutdown$$00000002)
    .ARM.Collect$$libshutdown$$00000004      0x00000190   Section        0  libshutdown2.o(.ARM.Collect$$libshutdown$$00000004)
    .ARM.Collect$$libshutdown$$00000006      0x00000190   Section        0  libshutdown2.o(.ARM.Collect$$libshutdown$$00000006)
    .ARM.Collect$$libshutdown$$00000009      0x00000190   Section        0  libshutdown2.o(.ARM.Collect$$libshutdown$$00000009)
    .ARM.Collect$$libshutdown$$0000000C      0x00000190   Section        0  libshutdown2.o(.ARM.Collect$$libshutdown$$0000000C)
    .ARM.Collect$$libshutdown$$0000000E      0x00000190   Section        0  libshutdown2.o(.ARM.Collect$$libshutdown$$0000000E)
    .ARM.Collect$$libshutdown$$00000011      0x00000190   Section        0  libshutdown2.o(.ARM.Collect$$libshutdown$$00000011)
    .ARM.Collect$$libshutdown$$00000012      0x00000190   Section        2  libshutdown2.o(.ARM.Collect$$libshutdown$$00000012)
    .ARM.Collect$$rtentry$$00000000          0x00000192   Section        0  __rtentry.o(.ARM.Collect$$rtentry$$00000000)
    .ARM.Collect$$rtentry$$00000002          0x00000192   Section        0  __rtentry2.o(.ARM.Collect$$rtentry$$00000002)
    .ARM.Collect$$rtentry$$00000004          0x00000192   Section        6  __rtentry4.o(.ARM.Collect$$rtentry$$00000004)
    .ARM.Collect$$rtentry$$00000009          0x00000198   Section        0  __rtentry2.o(.ARM.Collect$$rtentry$$00000009)
    .ARM.Collect$$rtentry$$0000000A          0x00000198   Section        4  __rtentry2.o(.ARM.Collect$$rtentry$$0000000A)
    .ARM.Collect$$rtentry$$0000000C          0x0000019c   Section        0  __rtentry2.o(.ARM.Collect$$rtentry$$0000000C)
    .ARM.Collect$$rtentry$$0000000D          0x0000019c   Section        8  __rtentry2.o(.ARM.Collect$$rtentry$$0000000D)
    .ARM.Collect$$rtexit$$00000000           0x000001a4   Section        2  rtexit.o(.ARM.Collect$$rtexit$$00000000)
    .ARM.Collect$$rtexit$$00000002           0x000001a6   Section        0  rtexit2.o(.ARM.Collect$$rtexit$$00000002)
    .ARM.Collect$$rtexit$$00000003           0x000001a6   Section        4  rtexit2.o(.ARM.Collect$$rtexit$$00000003)
    .ARM.Collect$$rtexit$$00000004           0x000001aa   Section        6  rtexit2.o(.ARM.Collect$$rtexit$$00000004)
    .text                                    0x000001b0   Section        0  sample.o(.text)
    .text                                    0x0000024c   Section        0  lib_joystick.o(.text)
    .text                                    0x000002d0   Section        0  asciilib.o(.text)
    .text                                    0x000002f0   Section        0  heapauxi.o(.text)
    .text                                    0x000002f6   Section        2  use_no_semi.o(.text)
    .text                                    0x000002f8   Section        0  indicate_semi.o(.text)
    x$fpl$usenofp                            0x000002f8   Section        0  usenofp.o(x$fpl$usenofp)
    .ARM.__at_0x02FC                         0x000002fc   Section        4  startup_lpc17xx.o(.ARM.__at_0x02FC)
    .text                                    0x00000300   Section        0  system_lpc17xx.o(.text)
    .text                                    0x0000054c   Section        0  irq_button.o(.text)
    __NVIC_DisableIRQ                        0x0000054d   Thumb Code    30  irq_button.o(.text)
    .text                                    0x00000604   Section        0  lib_button.o(.text)
    __NVIC_EnableIRQ                         0x00000605   Thumb Code    34  lib_button.o(.text)
    __NVIC_SetPriority                       0x00000627   Thumb Code    32  lib_button.o(.text)
    .text                                    0x000006d8   Section        0  irq_rit.o(.text)
    __NVIC_EnableIRQ                         0x000006d9   Thumb Code    34  irq_rit.o(.text)
    .text                                    0x0000321c   Section        0  lib_rit.o(.text)
    .text                                    0x000032dc   Section        0  glcd.o(.text)
    LCD_Configuration                        0x000032dd   Thumb Code    20  glcd.o(.text)
    wait_delay                               0x000032f1   Thumb Code    12  glcd.o(.text)
    LCD_SetCursor                            0x000032fd   Thumb Code  1356  glcd.o(.text)
    delay_ms                                 0x00003849   Thumb Code    30  glcd.o(.text)
    LCD_BGR2RGB                              0x00006d45   Thumb Code    26  glcd.o(.text)
    .text                                    0x000073c0   Section        0  irq_timer.o(.text)
    .text                                    0x000076b0   Section        0  lib_timer.o(.text)
    __NVIC_EnableIRQ                         0x000076b1   Thumb Code    34  lib_timer.o(.text)
    .text                                    0x00007784   Section        0  drawing.o(.text)
    .text                                    0x0000ad18   Section        0  gioco.o(.text)
    __NVIC_DisableIRQ                        0x0000ad19   Thumb Code    30  gioco.o(.text)
    .text                                    0x0000c09c   Section       52  startup_lpc17xx.o(.text)
    .text                                    0x0000c0d0   Section        0  lib_can.o(.text)
    __NVIC_EnableIRQ                         0x0000c0d1   Thumb Code    34  lib_can.o(.text)
    CAN_cfgBaudrate                          0x0000c0f3   Thumb Code    70  lib_can.o(.text)
    .text                                    0x0000c5e8   Section        0  irq_can.o(.text)
    .text                                    0x0000c764   Section        0  noretval__2sprintf.o(.text)
    .text                                    0x0000c78c   Section        0  __printf.o(.text)
    .text                                    0x0000c7f4   Section        0  _printf_dec.o(.text)
    .text                                    0x0000c86c   Section      138  rt_memcpy_v6.o(.text)
    .text                                    0x0000c8f6   Section      100  rt_memcpy_w.o(.text)
    .text                                    0x0000c95a   Section        0  _printf_intcommon.o(.text)
    .text                                    0x0000ca0c   Section        0  _printf_char_common.o(.text)
    _printf_input_char                       0x0000ca0d   Thumb Code    10  _printf_char_common.o(.text)
    .text                                    0x0000ca3c   Section        0  _sputc.o(.text)
    .text                                    0x0000ca46   Section       74  sys_stackheap_outer.o(.text)
    .text                                    0x0000ca90   Section        0  exit.o(.text)
    .text                                    0x0000caa4   Section        8  libspace.o(.text)
    .text                                    0x0000caac   Section        0  sys_exit.o(.text)
    x$fpl$dadd                               0x0000cab8   Section      336  daddsub_clz.o(x$fpl$dadd)
    _dadd1                                   0x0000cac9   Thumb Code     0  daddsub_clz.o(x$fpl$dadd)
    x$fpl$dfixu                              0x0000cc08   Section       90  dfixu.o(x$fpl$dfixu)
    x$fpl$dflt                               0x0000cc62   Section       46  dflt_clz.o(x$fpl$dflt)
    x$fpl$dfltu                              0x0000cc90   Section       38  dflt_clz.o(x$fpl$dfltu)
    x$fpl$dmul                               0x0000ccb8   Section      340  dmul.o(x$fpl$dmul)
    x$fpl$dnaninf                            0x0000ce0c   Section      156  dnaninf.o(x$fpl$dnaninf)
    x$fpl$dretinf                            0x0000cea8   Section       12  dretinf.o(x$fpl$dretinf)
    x$fpl$dsub                               0x0000ceb4   Section      468  daddsub_clz.o(x$fpl$dsub)
    _dsub1                                   0x0000cec5   Thumb Code     0  daddsub_clz.o(x$fpl$dsub)
    .constdata                               0x0000d088   Section     1520  asciilib.o(.constdata)
    AsciiLib                                 0x0000d088   Data        1520  asciilib.o(.constdata)
    .constdata                               0x0000d678   Section      196  gioco.o(.constdata)
    .constdata                               0x0000d73c   Section       68  lib_can.o(.constdata)
    STACK                                    0x10000000   Section    32768  startup_lpc17xx.o(STACK)
    Stack_Mem                                0x10000000   Data       32768  startup_lpc17xx.o(STACK)
    __initial_sp                             0x10008000   Data           0  startup_lpc17xx.o(STACK)
    .data                                    0x2007c000   Section        5  system_lpc17xx.o(.data)
    .data                                    0x2007c008   Section       41  irq_button.o(.data)
    .data                                    0x2007c034   Section       88  irq_rit.o(.data)
    up                                       0x2007c064   Data           4  irq_rit.o(.data)
    down                                     0x2007c068   Data           4  irq_rit.o(.data)
    right                                    0x2007c06c   Data           4  irq_rit.o(.data)
    left                                     0x2007c070   Data           4  irq_rit.o(.data)
    diagonal_up_left                         0x2007c074   Data           4  irq_rit.o(.data)
    diagonal_up_right                        0x2007c078   Data           4  irq_rit.o(.data)
    diagonal_down_right                      0x2007c07c   Data           4  irq_rit.o(.data)
    diagonal_down_left                       0x2007c080   Data           4  irq_rit.o(.data)
    s_t                                      0x2007c084   Data           4  irq_rit.o(.data)
    h_n                                      0x2007c088   Data           4  irq_rit.o(.data)
    .data                                    0x2007c08c   Section        1  glcd.o(.data)
    LCD_Code                                 0x2007c08c   Data           1  glcd.o(.data)
    .data                                    0x2007c08d   Section        4  drawing.o(.data)
    k                                        0x2007c08d   Data           1  drawing.o(.data)
    size                                     0x2007c08e   Data           1  drawing.o(.data)
    num_quadranti                            0x2007c08f   Data           1  drawing.o(.data)
    num_bottoni                              0x2007c090   Data           1  drawing.o(.data)
    .data                                    0x2007c094   Section      408  gioco.o(.data)
    mossa                                    0x2007c094   Data           4  gioco.o(.data)
    muro_inserito_precedentemente_2          0x2007c09c   Data           1  gioco.o(.data)
    estremo_destro_2                         0x2007c09d   Data           1  gioco.o(.data)
    estremo_sinistro_2                       0x2007c09e   Data           1  gioco.o(.data)
    muro_inserito_precedentemente_1          0x2007c09f   Data           1  gioco.o(.data)
    estremo_destro_1                         0x2007c0a0   Data           1  gioco.o(.data)
    estremo_sinistro_1                       0x2007c0a1   Data           1  gioco.o(.data)
    caselle_bloccate_2                       0x2007c0a4   Data         196  gioco.o(.data)
    caselle_bloccate_1                       0x2007c168   Data         196  gioco.o(.data)
    .data                                    0x2007c22c   Section       16  lib_can.o(.data)
    CAN_std_cnt                              0x2007c234   Data           4  lib_can.o(.data)
    CAN_ext_cnt                              0x2007c238   Data           4  lib_can.o(.data)
    .data                                    0x2007c23c   Section       11  irq_can.o(.data)
    handshake_ricevuto                       0x2007c23c   Data           1  irq_can.o(.data)
    data                                     0x2007c240   Data           4  irq_can.o(.data)
    .bss                                     0x2007c248   Section      192  irq_rit.o(.bss)
    .bss                                     0x2007c308   Section       12  gioco.o(.bss)
    .bss                                     0x2007c314   Section       32  lib_can.o(.bss)
    .bss                                     0x2007c334   Section       96  libspace.o(.bss)
    HEAP                                     0x2007c398   Section        0  startup_lpc17xx.o(HEAP)
    Heap_Mem                                 0x2007c398   Data           0  startup_lpc17xx.o(HEAP)

    Global Symbols

    Symbol Name                              Value     Ov Type        Size  Object(Section)

    BuildAttributes$$THM_ISAv4$P$D$K$B$S$PE$A:L22UL41UL21$X:L11$S22US41US21$IEEE1$IW$USESV6$~STKCKD$USESV7$~SHL$OSPACE$ROPI$EBA8$UX$STANDARDLIB$REQ8$PRES8$EABIv2 0x00000000   Number         0  anon$$obj.o ABSOLUTE
    __ARM_use_no_argv                        0x00000000   Number         0  sample.o ABSOLUTE
    __Vectors                                0x00000000   Data           4  startup_lpc17xx.o(RESET)
    __ARM_exceptions_init                     - Undefined Weak Reference
    __alloca_initialize                       - Undefined Weak Reference
    __arm_fini_                               - Undefined Weak Reference
    __arm_preinit_                            - Undefined Weak Reference
    __cpp_initialize__aeabi_                  - Undefined Weak Reference
    __cxa_finalize                            - Undefined Weak Reference
    __rt_locale                               - Undefined Weak Reference
    __sigvec_lookup                           - Undefined Weak Reference
    _atexit_init                              - Undefined Weak Reference
    _call_atexit_fns                          - Undefined Weak Reference
    _clock_init                               - Undefined Weak Reference
    _fp_trap_init                             - Undefined Weak Reference
    _fp_trap_shutdown                         - Undefined Weak Reference
    _get_lc_collate                           - Undefined Weak Reference
    _get_lc_ctype                             - Undefined Weak Reference
    _get_lc_monetary                          - Undefined Weak Reference
    _get_lc_numeric                           - Undefined Weak Reference
    _get_lc_time                              - Undefined Weak Reference
    _getenv_init                              - Undefined Weak Reference
    _handle_redirection                       - Undefined Weak Reference
    _init_alloc                               - Undefined Weak Reference
    _init_user_alloc                          - Undefined Weak Reference
    _initio                                   - Undefined Weak Reference
    _printf_post_padding                      - Undefined Weak Reference
    _printf_pre_padding                       - Undefined Weak Reference
    _printf_truncate_signed                   - Undefined Weak Reference
    _printf_truncate_unsigned                 - Undefined Weak Reference
    _rand_init                                - Undefined Weak Reference
    _signal_finish                            - Undefined Weak Reference
    _signal_init                              - Undefined Weak Reference
    _terminate_alloc                          - Undefined Weak Reference
    _terminate_user_alloc                     - Undefined Weak Reference
    _terminateio                              - Undefined Weak Reference
    __main                                   0x000000cd   Thumb Code     8  __main.o(!!!main)
    __scatterload                            0x000000d5   Thumb Code     0  __scatter.o(!!!scatter)
    __scatterload_rt2                        0x000000d5   Thumb Code    44  __scatter.o(!!!scatter)
    __scatterload_rt2_thumb_only             0x000000d5   Thumb Code     0  __scatter.o(!!!scatter)
    __scatterload_null                       0x000000e3   Thumb Code     0  __scatter.o(!!!scatter)
    __decompress                             0x00000109   Thumb Code    90  __dczerorl2.o(!!dczerorl2)
    __decompress1                            0x00000109   Thumb Code     0  __dczerorl2.o(!!dczerorl2)
    __scatterload_zeroinit                   0x00000165   Thumb Code    28  __scatter_zi.o(!!handler_zi)
    _printf_d                                0x00000181   Thumb Code     0  _printf_d.o(.ARM.Collect$$_printf_percent$$00000009)
    _printf_percent                          0x00000181   Thumb Code     0  _printf_percent.o(.ARM.Collect$$_printf_percent$$00000000)
    _printf_percent_end                      0x00000187   Thumb Code     0  _printf_percent_end.o(.ARM.Collect$$_printf_percent$$00000017)
    __rt_lib_init                            0x0000018b   Thumb Code     0  libinit.o(.ARM.Collect$$libinit$$00000000)
    __rt_lib_init_alloca_1                   0x0000018d   Thumb Code     0  libinit2.o(.ARM.Collect$$libinit$$0000002E)
    __rt_lib_init_argv_1                     0x0000018d   Thumb Code     0  libinit2.o(.ARM.Collect$$libinit$$0000002C)
    __rt_lib_init_atexit_1                   0x0000018d   Thumb Code     0  libinit2.o(.ARM.Collect$$libinit$$0000001B)
    __rt_lib_init_clock_1                    0x0000018d   Thumb Code     0  libinit2.o(.ARM.Collect$$libinit$$00000021)
    __rt_lib_init_cpp_1                      0x0000018d   Thumb Code     0  libinit2.o(.ARM.Collect$$libinit$$00000032)
    __rt_lib_init_exceptions_1               0x0000018d   Thumb Code     0  libinit2.o(.ARM.Collect$$libinit$$00000030)
    __rt_lib_init_fp_1                       0x0000018d   Thumb Code     0  libinit2.o(.ARM.Collect$$libinit$$00000002)
    __rt_lib_init_fp_trap_1                  0x0000018d   Thumb Code     0  libinit2.o(.ARM.Collect$$libinit$$0000001F)
    __rt_lib_init_getenv_1                   0x0000018d   Thumb Code     0  libinit2.o(.ARM.Collect$$libinit$$00000023)
    __rt_lib_init_heap_1                     0x0000018d   Thumb Code     0  libinit2.o(.ARM.Collect$$libinit$$0000000A)
    __rt_lib_init_lc_collate_1               0x0000018d   Thumb Code     0  libinit2.o(.ARM.Collect$$libinit$$00000011)
    __rt_lib_init_lc_ctype_1                 0x0000018d   Thumb Code     0  libinit2.o(.ARM.Collect$$libinit$$00000013)
    __rt_lib_init_lc_monetary_1              0x0000018d   Thumb Code     0  libinit2.o(.ARM.Collect$$libinit$$00000015)
    __rt_lib_init_lc_numeric_1               0x0000018d   Thumb Code     0  libinit2.o(.ARM.Collect$$libinit$$00000017)
    __rt_lib_init_lc_time_1                  0x0000018d   Thumb Code     0  libinit2.o(.ARM.Collect$$libinit$$00000019)
    __rt_lib_init_preinit_1                  0x0000018d   Thumb Code     0  libinit2.o(.ARM.Collect$$libinit$$00000004)
    __rt_lib_init_rand_1                     0x0000018d   Thumb Code     0  libinit2.o(.ARM.Collect$$libinit$$0000000E)
    __rt_lib_init_return                     0x0000018d   Thumb Code     0  libinit2.o(.ARM.Collect$$libinit$$00000033)
    __rt_lib_init_signal_1                   0x0000018d   Thumb Code     0  libinit2.o(.ARM.Collect$$libinit$$0000001D)
    __rt_lib_init_stdio_1                    0x0000018d   Thumb Code     0  libinit2.o(.ARM.Collect$$libinit$$00000025)
    __rt_lib_init_user_alloc_1               0x0000018d   Thumb Code     0  libinit2.o(.ARM.Collect$$libinit$$0000000C)
    __rt_lib_shutdown                        0x0000018f   Thumb Code     0  libshutdown.o(.ARM.Collect$$libshutdown$$00000000)
    __rt_lib_shutdown_cpp_1                  0x00000191   Thumb Code     0  libshutdown2.o(.ARM.Collect$$libshutdown$$00000004)
    __rt_lib_shutdown_fini_1                 0x00000191   Thumb Code     0  libshutdown2.o(.ARM.Collect$$libshutdown$$00000002)
    __rt_lib_shutdown_fp_trap_1              0x00000191   Thumb Code     0  libshutdown2.o(.ARM.Collect$$libshutdown$$00000009)
    __rt_lib_shutdown_heap_1                 0x00000191   Thumb Code     0  libshutdown2.o(.ARM.Collect$$libshutdown$$00000011)
    __rt_lib_shutdown_return                 0x00000191   Thumb Code     0  libshutdown2.o(.ARM.Collect$$libshutdown$$00000012)
    __rt_lib_shutdown_signal_1               0x00000191   Thumb Code     0  libshutdown2.o(.ARM.Collect$$libshutdown$$0000000C)
    __rt_lib_shutdown_stdio_1                0x00000191   Thumb Code     0  libshutdown2.o(.ARM.Collect$$libshutdown$$00000006)
    __rt_lib_shutdown_user_alloc_1           0x00000191   Thumb Code     0  libshutdown2.o(.ARM.Collect$$libshutdown$$0000000E)
    __rt_entry                               0x00000193   Thumb Code     0  __rtentry.o(.ARM.Collect$$rtentry$$00000000)
    __rt_entry_presh_1                       0x00000193   Thumb Code     0  __rtentry2.o(.ARM.Collect$$rtentry$$00000002)
    __rt_entry_sh                            0x00000193   Thumb Code     0  __rtentry4.o(.ARM.Collect$$rtentry$$00000004)
    __rt_entry_li                            0x00000199   Thumb Code     0  __rtentry2.o(.ARM.Collect$$rtentry$$0000000A)
    __rt_entry_postsh_1                      0x00000199   Thumb Code     0  __rtentry2.o(.ARM.Collect$$rtentry$$00000009)
    __rt_entry_main                          0x0000019d   Thumb Code     0  __rtentry2.o(.ARM.Collect$$rtentry$$0000000D)
    __rt_entry_postli_1                      0x0000019d   Thumb Code     0  __rtentry2.o(.ARM.Collect$$rtentry$$0000000C)
    __rt_exit                                0x000001a5   Thumb Code     0  rtexit.o(.ARM.Collect$$rtexit$$00000000)
    __rt_exit_ls                             0x000001a7   Thumb Code     0  rtexit2.o(.ARM.Collect$$rtexit$$00000003)
    __rt_exit_prels_1                        0x000001a7   Thumb Code     0  rtexit2.o(.ARM.Collect$$rtexit$$00000002)
    __rt_exit_exit                           0x000001ab   Thumb Code     0  rtexit2.o(.ARM.Collect$$rtexit$$00000004)
    main                                     0x000001b1   Thumb Code   112  sample.o(.text)
    joystick_init                            0x0000024d   Thumb Code   122  lib_joystick.o(.text)
    GetASCIICode                             0x000002d1   Thumb Code    26  asciilib.o(.text)
    __use_two_region_memory                  0x000002f1   Thumb Code     2  heapauxi.o(.text)
    __rt_heap_escrow$2region                 0x000002f3   Thumb Code     2  heapauxi.o(.text)
    __rt_heap_expand$2region                 0x000002f5   Thumb Code     2  heapauxi.o(.text)
    __I$use$semihosting                      0x000002f7   Thumb Code     0  use_no_semi.o(.text)
    __use_no_semihosting_swi                 0x000002f7   Thumb Code     2  use_no_semi.o(.text)
    __I$use$fp                               0x000002f8   Number         0  usenofp.o(x$fpl$usenofp)
    __semihosting_library_function           0x000002f9   Thumb Code     0  indicate_semi.o(.text)
    SystemInit                               0x00000301   Thumb Code   552  system_lpc17xx.o(.text)
    EINT0_IRQHandler                         0x0000056b   Thumb Code    42  irq_button.o(.text)
    EINT1_IRQHandler                         0x00000595   Thumb Code    42  irq_button.o(.text)
    EINT2_IRQHandler                         0x000005bf   Thumb Code    42  irq_button.o(.text)
    BUTTON_init                              0x00000647   Thumb Code   124  lib_button.o(.text)
    RIT_IRQHandler                           0x000006fb   Thumb Code 11018  irq_rit.o(.text)
    enable_RIT                               0x0000321d   Thumb Code    14  lib_rit.o(.text)
    disable_RIT                              0x0000322b   Thumb Code    14  lib_rit.o(.text)
    reset_RIT                                0x00003239   Thumb Code     8  lib_rit.o(.text)
    init_RIT                                 0x00003241   Thumb Code   134  lib_rit.o(.text)
    LCD_Initialization                       0x00003867   Thumb Code 12014  glcd.o(.text)
    LCD_Clear                                0x00006755   Thumb Code  1520  glcd.o(.text)
    LCD_GetPoint                             0x00006d5f   Thumb Code   994  glcd.o(.text)
    LCD_SetPoint                             0x00007141   Thumb Code   206  glcd.o(.text)
    LCD_DrawLine                             0x0000720f   Thumb Code   250  glcd.o(.text)
    PutChar                                  0x00007309   Thumb Code   100  glcd.o(.text)
    GUI_Text                                 0x0000736d   Thumb Code    80  glcd.o(.text)
    TIMER0_IRQHandler                        0x000073c1   Thumb Code    52  irq_timer.o(.text)
    TIMER1_IRQHandler                        0x000073f5   Thumb Code   536  irq_timer.o(.text)
    enable_timer                             0x000076d3   Thumb Code    20  lib_timer.o(.text)
    disable_timer                            0x000076e7   Thumb Code    20  lib_timer.o(.text)
    reset_timer                              0x000076fb   Thumb Code    30  lib_timer.o(.text)
    init_timer                               0x00007719   Thumb Code    94  lib_timer.o(.text)
    colora_quadrato                          0x00007785   Thumb Code    86  drawing.o(.text)
    create_griglia                           0x000077db   Thumb Code   592  drawing.o(.text)
    menu_game_mode                           0x00007a2b   Thumb Code   264  drawing.o(.text)
    menu_opposite_player                     0x00007b33   Thumb Code   488  drawing.o(.text)
    create_wall                              0x00007d1b   Thumb Code   234  drawing.o(.text)
    ruota_muro_90                            0x00007e05   Thumb Code   230  drawing.o(.text)
    disegna_pezzetto_orizzontale             0x00007eeb   Thumb Code   224  drawing.o(.text)
    disegna_pezzetto_verticale               0x00007fcb   Thumb Code   288  drawing.o(.text)
    muovi_giocatore                          0x000080eb   Thumb Code    52  drawing.o(.text)
    colora_caselle_vicine                    0x0000811f   Thumb Code 11254  drawing.o(.text)
    is_wall                                  0x0000ad37   Thumb Code   234  gioco.o(.text)
    is_finished                              0x0000ae21   Thumb Code   146  gioco.o(.text)
    controlla_casella_giocatore              0x0000aeb3   Thumb Code    22  gioco.o(.text)
    scavalca                                 0x0000aec9   Thumb Code   116  gioco.o(.text)
    controlla_presenza_orizzontale           0x0000af3d   Thumb Code   258  gioco.o(.text)
    controlla_presenza_verticale             0x0000b03f   Thumb Code   310  gioco.o(.text)
    controlla_blocco_giocatori               0x0000b175   Thumb Code   854  gioco.o(.text)
    registra_mossa                           0x0000b4cb   Thumb Code   200  gioco.o(.text)
    inizia_partita                           0x0000b593   Thumb Code    56  gioco.o(.text)
    mossa_npc                                0x0000b5cb   Thumb Code  2080  gioco.o(.text)
    effettua_mossa                           0x0000bdeb   Thumb Code   650  gioco.o(.text)
    Reset_Handler                            0x0000c09d   Thumb Code     4  startup_lpc17xx.o(.text)
    NMI_Handler                              0x0000c0a1   Thumb Code     2  startup_lpc17xx.o(.text)
    HardFault_Handler                        0x0000c0a3   Thumb Code     2  startup_lpc17xx.o(.text)
    MemManage_Handler                        0x0000c0a5   Thumb Code     2  startup_lpc17xx.o(.text)
    BusFault_Handler                         0x0000c0a7   Thumb Code     2  startup_lpc17xx.o(.text)
    UsageFault_Handler                       0x0000c0a9   Thumb Code     2  startup_lpc17xx.o(.text)
    SVC_Handler                              0x0000c0ab   Thumb Code     2  startup_lpc17xx.o(.text)
    DebugMon_Handler                         0x0000c0ad   Thumb Code     2  startup_lpc17xx.o(.text)
    PendSV_Handler                           0x0000c0af   Thumb Code     2  startup_lpc17xx.o(.text)
    SysTick_Handler                          0x0000c0b1   Thumb Code     2  startup_lpc17xx.o(.text)
    ADC_IRQHandler                           0x0000c0b3   Thumb Code     0  startup_lpc17xx.o(.text)
    BOD_IRQHandler                           0x0000c0b3   Thumb Code     0  startup_lpc17xx.o(.text)
    CANActivity_IRQHandler                   0x0000c0b3   Thumb Code     0  startup_lpc17xx.o(.text)
    DMA_IRQHandler                           0x0000c0b3   Thumb Code     0  startup_lpc17xx.o(.text)
    EINT3_IRQHandler                         0x0000c0b3   Thumb Code     0  startup_lpc17xx.o(.text)
    ENET_IRQHandler                          0x0000c0b3   Thumb Code     0  startup_lpc17xx.o(.text)
    I2C0_IRQHandler                          0x0000c0b3   Thumb Code     0  startup_lpc17xx.o(.text)
    I2C1_IRQHandler                          0x0000c0b3   Thumb Code     0  startup_lpc17xx.o(.text)
    I2C2_IRQHandler                          0x0000c0b3   Thumb Code     0  startup_lpc17xx.o(.text)
    I2S_IRQHandler                           0x0000c0b3   Thumb Code     0  startup_lpc17xx.o(.text)
    MCPWM_IRQHandler                         0x0000c0b3   Thumb Code     0  startup_lpc17xx.o(.text)
    PLL0_IRQHandler                          0x0000c0b3   Thumb Code     0  startup_lpc17xx.o(.text)
    PLL1_IRQHandler                          0x0000c0b3   Thumb Code     0  startup_lpc17xx.o(.text)
    PWM1_IRQHandler                          0x0000c0b3   Thumb Code     0  startup_lpc17xx.o(.text)
    QEI_IRQHandler                           0x0000c0b3   Thumb Code     0  startup_lpc17xx.o(.text)
    RTC_IRQHandler                           0x0000c0b3   Thumb Code     0  startup_lpc17xx.o(.text)
    SPI_IRQHandler                           0x0000c0b3   Thumb Code     0  startup_lpc17xx.o(.text)
    SSP0_IRQHandler                          0x0000c0b3   Thumb Code     0  startup_lpc17xx.o(.text)
    SSP1_IRQHandler                          0x0000c0b3   Thumb Code     0  startup_lpc17xx.o(.text)
    TIMER2_IRQHandler                        0x0000c0b3   Thumb Code     0  startup_lpc17xx.o(.text)
    TIMER3_IRQHandler                        0x0000c0b3   Thumb Code     0  startup_lpc17xx.o(.text)
    UART0_IRQHandler                         0x0000c0b3   Thumb Code     0  startup_lpc17xx.o(.text)
    UART1_IRQHandler                         0x0000c0b3   Thumb Code     0  startup_lpc17xx.o(.text)
    UART2_IRQHandler                         0x0000c0b3   Thumb Code     0  startup_lpc17xx.o(.text)
    UART3_IRQHandler                         0x0000c0b3   Thumb Code     0  startup_lpc17xx.o(.text)
    USBActivity_IRQHandler                   0x0000c0b3   Thumb Code     0  startup_lpc17xx.o(.text)
    USB_IRQHandler                           0x0000c0b3   Thumb Code     0  startup_lpc17xx.o(.text)
    WDT_IRQHandler                           0x0000c0b3   Thumb Code     0  startup_lpc17xx.o(.text)
    __user_initial_stackheap                 0x0000c0b5   Thumb Code     0  startup_lpc17xx.o(.text)
    CAN_setup                                0x0000c139   Thumb Code   140  lib_can.o(.text)
    CAN_start                                0x0000c1c5   Thumb Code    18  lib_can.o(.text)
    CAN_waitReady                            0x0000c1d7   Thumb Code    26  lib_can.o(.text)
    CAN_wrMsg                                0x0000c1f1   Thumb Code    84  lib_can.o(.text)
    CAN_rdMsg                                0x0000c245   Thumb Code    52  lib_can.o(.text)
    CAN_wrFilter                             0x0000c279   Thumb Code   822  lib_can.o(.text)
    CAN_Init                                 0x0000c5af   Thumb Code    42  lib_can.o(.text)
    CAN_IRQHandler                           0x0000c5e9   Thumb Code   332  irq_can.o(.text)
    __2sprintf                               0x0000c765   Thumb Code    34  noretval__2sprintf.o(.text)
    __printf                                 0x0000c78d   Thumb Code   104  __printf.o(.text)
    _printf_int_dec                          0x0000c7f5   Thumb Code   104  _printf_dec.o(.text)
    __aeabi_memcpy                           0x0000c86d   Thumb Code     0  rt_memcpy_v6.o(.text)
    __rt_memcpy                              0x0000c86d   Thumb Code   138  rt_memcpy_v6.o(.text)
    _memcpy_lastbytes                        0x0000c8d3   Thumb Code     0  rt_memcpy_v6.o(.text)
    __aeabi_memcpy4                          0x0000c8f7   Thumb Code     0  rt_memcpy_w.o(.text)
    __aeabi_memcpy8                          0x0000c8f7   Thumb Code     0  rt_memcpy_w.o(.text)
    __rt_memcpy_w                            0x0000c8f7   Thumb Code   100  rt_memcpy_w.o(.text)
    _memcpy_lastbytes_aligned                0x0000c93f   Thumb Code     0  rt_memcpy_w.o(.text)
    _printf_int_common                       0x0000c95b   Thumb Code   178  _printf_intcommon.o(.text)
    _printf_char_common                      0x0000ca17   Thumb Code    32  _printf_char_common.o(.text)
    _sputc                                   0x0000ca3d   Thumb Code    10  _sputc.o(.text)
    __user_setup_stackheap                   0x0000ca47   Thumb Code    74  sys_stackheap_outer.o(.text)
    exit                                     0x0000ca91   Thumb Code    18  exit.o(.text)
    __user_libspace                          0x0000caa5   Thumb Code     8  libspace.o(.text)
    __user_perproc_libspace                  0x0000caa5   Thumb Code     0  libspace.o(.text)
    __user_perthread_libspace                0x0000caa5   Thumb Code     0  libspace.o(.text)
    _sys_exit                                0x0000caad   Thumb Code     8  sys_exit.o(.text)
    __aeabi_dadd                             0x0000cab9   Thumb Code     0  daddsub_clz.o(x$fpl$dadd)
    _dadd                                    0x0000cab9   Thumb Code   332  daddsub_clz.o(x$fpl$dadd)
    __aeabi_d2uiz                            0x0000cc09   Thumb Code     0  dfixu.o(x$fpl$dfixu)
    _dfixu                                   0x0000cc09   Thumb Code    90  dfixu.o(x$fpl$dfixu)
    __aeabi_i2d                              0x0000cc63   Thumb Code     0  dflt_clz.o(x$fpl$dflt)
    _dflt                                    0x0000cc63   Thumb Code    46  dflt_clz.o(x$fpl$dflt)
    __aeabi_ui2d                             0x0000cc91   Thumb Code     0  dflt_clz.o(x$fpl$dfltu)
    _dfltu                                   0x0000cc91   Thumb Code    38  dflt_clz.o(x$fpl$dfltu)
    __aeabi_dmul                             0x0000ccb9   Thumb Code     0  dmul.o(x$fpl$dmul)
    _dmul                                    0x0000ccb9   Thumb Code   332  dmul.o(x$fpl$dmul)
    __fpl_dnaninf                            0x0000ce0d   Thumb Code   156  dnaninf.o(x$fpl$dnaninf)
    __fpl_dretinf                            0x0000cea9   Thumb Code    12  dretinf.o(x$fpl$dretinf)
    __aeabi_dsub                             0x0000ceb5   Thumb Code     0  daddsub_clz.o(x$fpl$dsub)
    _dsub                                    0x0000ceb5   Thumb Code   464  daddsub_clz.o(x$fpl$dsub)
    CAN_BIT_TIME                             0x0000d73c   Data          68  lib_can.o(.constdata)
    Region$$Table$$Base                      0x0000d780   Number         0  anon$$obj.o(Region$$Table)
    Region$$Table$$Limit                     0x0000d7b0   Number         0  anon$$obj.o(Region$$Table)
    SystemFrequency                          0x2007c000   Data           4  system_lpc17xx.o(.data)
    ScaleFlag                                0x2007c004   Data           1  system_lpc17xx.o(.data)
    p1_wall                                  0x2007c008   Data           4  irq_button.o(.data)
    p2_wall                                  0x2007c00c   Data           4  irq_button.o(.data)
    secondi                                  0x2007c010   Data           4  irq_button.o(.data)
    turno                                    0x2007c014   Data           4  irq_button.o(.data)
    posizione_player1                        0x2007c018   Data           8  irq_button.o(.data)
    posizione_player2                        0x2007c020   Data           8  irq_button.o(.data)
    wall                                     0x2007c028   Data           4  irq_button.o(.data)
    ruotato                                  0x2007c02c   Data           4  irq_button.o(.data)
    game_mode                                0x2007c030   Data           1  irq_button.o(.data)
    counter_muri                             0x2007c034   Data           4  irq_rit.o(.data)
    mosso                                    0x2007c038   Data           4  irq_rit.o(.data)
    posizione_wall                           0x2007c03c   Data           8  irq_rit.o(.data)
    movimento_in_diagonale                   0x2007c044   Data           4  irq_rit.o(.data)
    opposite_player                          0x2007c048   Data           1  irq_rit.o(.data)
    cancella_warning                         0x2007c049   Data           1  irq_rit.o(.data)
    down_key1                                0x2007c04c   Data           4  irq_rit.o(.data)
    joystick_premuto                         0x2007c050   Data           4  irq_rit.o(.data)
    joystick_sinistra                        0x2007c054   Data           4  irq_rit.o(.data)
    down_key2                                0x2007c058   Data           4  irq_rit.o(.data)
    down_key0                                0x2007c05c   Data           4  irq_rit.o(.data)
    pronti                                   0x2007c060   Data           1  irq_rit.o(.data)
    first                                    0x2007c061   Data           1  irq_rit.o(.data)
    vittoria                                 0x2007c098   Data           4  gioco.o(.data)
    icr                                      0x2007c22c   Data           1  lib_can.o(.data)
    result                                   0x2007c230   Data           4  lib_can.o(.data)
    ospite                                   0x2007c23d   Data           1  irq_can.o(.data)
    modalita_player                          0x2007c244   Data           1  irq_can.o(.data)
    player1_pronto                           0x2007c245   Data           1  irq_can.o(.data)
    player2_pronto                           0x2007c246   Data           1  irq_can.o(.data)
    muri_definitivi                          0x2007c248   Data         192  irq_rit.o(.bss)
    mossa__npc                               0x2007c308   Data          12  gioco.o(.bss)
    CAN_TxMsg                                0x2007c314   Data          16  lib_can.o(.bss)
    CAN_RxMsg                                0x2007c324   Data          16  lib_can.o(.bss)
    __libspace_start                         0x2007c334   Data          96  libspace.o(.bss)
    __temporary_stack_top$libspace           0x2007c394   Data           0  libspace.o(.bss)



==============================================================================

Memory Map of the image

  Image Entry point : 0x000000cd

  Load Region LR_IROM1 (Base: 0x00000000, Size: 0x0000d9f8, Max: 0x00080000, ABSOLUTE, COMPRESSED[0x0000d7dc])

    Execution Region ER_IROM1 (Exec base: 0x00000000, Load base: 0x00000000, Size: 0x0000d7b0, Max: 0x00080000, ABSOLUTE)

    Exec Addr    Load Addr    Size         Type   Attr      Idx    E Section Name        Object

    0x00000000   0x00000000   0x000000cc   Data   RO          567    RESET               startup_lpc17xx.o
    0x000000cc   0x000000cc   0x00000008   Code   RO          693  * !!!main             c_w.l(__main.o)
    0x000000d4   0x000000d4   0x00000034   Code   RO          886    !!!scatter          c_w.l(__scatter.o)
    0x00000108   0x00000108   0x0000005a   Code   RO          884    !!dczerorl2         c_w.l(__dczerorl2.o)
    0x00000162   0x00000162   0x00000002   PAD
    0x00000164   0x00000164   0x0000001c   Code   RO          888    !!handler_zi        c_w.l(__scatter_zi.o)
    0x00000180   0x00000180   0x00000000   Code   RO          686    .ARM.Collect$$_printf_percent$$00000000  c_w.l(_printf_percent.o)
    0x00000180   0x00000180   0x00000006   Code   RO          685    .ARM.Collect$$_printf_percent$$00000009  c_w.l(_printf_d.o)
    0x00000186   0x00000186   0x00000004   Code   RO          720    .ARM.Collect$$_printf_percent$$00000017  c_w.l(_printf_percent_end.o)
    0x0000018a   0x0000018a   0x00000002   Code   RO          752    .ARM.Collect$$libinit$$00000000  c_w.l(libinit.o)
    0x0000018c   0x0000018c   0x00000000   Code   RO          759    .ARM.Collect$$libinit$$00000002  c_w.l(libinit2.o)
    0x0000018c   0x0000018c   0x00000000   Code   RO          761    .ARM.Collect$$libinit$$00000004  c_w.l(libinit2.o)
    0x0000018c   0x0000018c   0x00000000   Code   RO          764    .ARM.Collect$$libinit$$0000000A  c_w.l(libinit2.o)
    0x0000018c   0x0000018c   0x00000000   Code   RO          766    .ARM.Collect$$libinit$$0000000C  c_w.l(libinit2.o)
    0x0000018c   0x0000018c   0x00000000   Code   RO          768    .ARM.Collect$$libinit$$0000000E  c_w.l(libinit2.o)
    0x0000018c   0x0000018c   0x00000000   Code   RO          771    .ARM.Collect$$libinit$$00000011  c_w.l(libinit2.o)
    0x0000018c   0x0000018c   0x00000000   Code   RO          773    .ARM.Collect$$libinit$$00000013  c_w.l(libinit2.o)
    0x0000018c   0x0000018c   0x00000000   Code   RO          775    .ARM.Collect$$libinit$$00000015  c_w.l(libinit2.o)
    0x0000018c   0x0000018c   0x00000000   Code   RO          777    .ARM.Collect$$libinit$$00000017  c_w.l(libinit2.o)
    0x0000018c   0x0000018c   0x00000000   Code   RO          779    .ARM.Collect$$libinit$$00000019  c_w.l(libinit2.o)
    0x0000018c   0x0000018c   0x00000000   Code   RO          781    .ARM.Collect$$libinit$$0000001B  c_w.l(libinit2.o)
    0x0000018c   0x0000018c   0x00000000   Code   RO          783    .ARM.Collect$$libinit$$0000001D  c_w.l(libinit2.o)
    0x0000018c   0x0000018c   0x00000000   Code   RO          785    .ARM.Collect$$libinit$$0000001F  c_w.l(libinit2.o)
    0x0000018c   0x0000018c   0x00000000   Code   RO          787    .ARM.Collect$$libinit$$00000021  c_w.l(libinit2.o)
    0x0000018c   0x0000018c   0x00000000   Code   RO          789    .ARM.Collect$$libinit$$00000023  c_w.l(libinit2.o)
    0x0000018c   0x0000018c   0x00000000   Code   RO          791    .ARM.Collect$$libinit$$00000025  c_w.l(libinit2.o)
    0x0000018c   0x0000018c   0x00000000   Code   RO          795    .ARM.Collect$$libinit$$0000002C  c_w.l(libinit2.o)
    0x0000018c   0x0000018c   0x00000000   Code   RO          797    .ARM.Collect$$libinit$$0000002E  c_w.l(libinit2.o)
    0x0000018c   0x0000018c   0x00000000   Code   RO          799    .ARM.Collect$$libinit$$00000030  c_w.l(libinit2.o)
    0x0000018c   0x0000018c   0x00000000   Code   RO          801    .ARM.Collect$$libinit$$00000032  c_w.l(libinit2.o)
    0x0000018c   0x0000018c   0x00000002   Code   RO          802    .ARM.Collect$$libinit$$00000033  c_w.l(libinit2.o)
    0x0000018e   0x0000018e   0x00000002   Code   RO          822    .ARM.Collect$$libshutdown$$00000000  c_w.l(libshutdown.o)
    0x00000190   0x00000190   0x00000000   Code   RO          835    .ARM.Collect$$libshutdown$$00000002  c_w.l(libshutdown2.o)
    0x00000190   0x00000190   0x00000000   Code   RO          837    .ARM.Collect$$libshutdown$$00000004  c_w.l(libshutdown2.o)
    0x00000190   0x00000190   0x00000000   Code   RO          839    .ARM.Collect$$libshutdown$$00000006  c_w.l(libshutdown2.o)
    0x00000190   0x00000190   0x00000000   Code   RO          842    .ARM.Collect$$libshutdown$$00000009  c_w.l(libshutdown2.o)
    0x00000190   0x00000190   0x00000000   Code   RO          845    .ARM.Collect$$libshutdown$$0000000C  c_w.l(libshutdown2.o)
    0x00000190   0x00000190   0x00000000   Code   RO          847    .ARM.Collect$$libshutdown$$0000000E  c_w.l(libshutdown2.o)
    0x00000190   0x00000190   0x00000000   Code   RO          850    .ARM.Collect$$libshutdown$$00000011  c_w.l(libshutdown2.o)
    0x00000190   0x00000190   0x00000002   Code   RO          851    .ARM.Collect$$libshutdown$$00000012  c_w.l(libshutdown2.o)
    0x00000192   0x00000192   0x00000000   Code   RO          713    .ARM.Collect$$rtentry$$00000000  c_w.l(__rtentry.o)
    0x00000192   0x00000192   0x00000000   Code   RO          727    .ARM.Collect$$rtentry$$00000002  c_w.l(__rtentry2.o)
    0x00000192   0x00000192   0x00000006   Code   RO          739    .ARM.Collect$$rtentry$$00000004  c_w.l(__rtentry4.o)
    0x00000198   0x00000198   0x00000000   Code   RO          729    .ARM.Collect$$rtentry$$00000009  c_w.l(__rtentry2.o)
    0x00000198   0x00000198   0x00000004   Code   RO          730    .ARM.Collect$$rtentry$$0000000A  c_w.l(__rtentry2.o)
    0x0000019c   0x0000019c   0x00000000   Code   RO          732    .ARM.Collect$$rtentry$$0000000C  c_w.l(__rtentry2.o)
    0x0000019c   0x0000019c   0x00000008   Code   RO          733    .ARM.Collect$$rtentry$$0000000D  c_w.l(__rtentry2.o)
    0x000001a4   0x000001a4   0x00000002   Code   RO          756    .ARM.Collect$$rtexit$$00000000  c_w.l(rtexit.o)
    0x000001a6   0x000001a6   0x00000000   Code   RO          804    .ARM.Collect$$rtexit$$00000002  c_w.l(rtexit2.o)
    0x000001a6   0x000001a6   0x00000004   Code   RO          805    .ARM.Collect$$rtexit$$00000003  c_w.l(rtexit2.o)
    0x000001aa   0x000001aa   0x00000006   Code   RO          806    .ARM.Collect$$rtexit$$00000004  c_w.l(rtexit2.o)
    0x000001b0   0x000001b0   0x0000009c   Code   RO            4    .text               sample.o
    0x0000024c   0x0000024c   0x00000084   Code   RO          336    .text               lib_joystick.o
    0x000002d0   0x000002d0   0x00000020   Code   RO          409    .text               asciilib.o
    0x000002f0   0x000002f0   0x00000006   Code   RO          691    .text               c_w.l(heapauxi.o)
    0x000002f6   0x000002f6   0x00000002   Code   RO          825    .text               c_w.l(use_no_semi.o)
    0x000002f8   0x000002f8   0x00000000   Code   RO          827    .text               c_w.l(indicate_semi.o)
    0x000002f8   0x000002f8   0x00000000   Code   RO          725    x$fpl$usenofp       fz_ws.l(usenofp.o)
    0x000002f8   0x000002f8   0x00000004   PAD
    0x000002fc   0x000002fc   0x00000004   Code   RO          568    .ARM.__at_0x02FC    startup_lpc17xx.o
    0x00000300   0x00000300   0x0000024c   Code   RO           85    .text               system_lpc17xx.o
    0x0000054c   0x0000054c   0x000000b8   Code   RO          181    .text               irq_button.o
    0x00000604   0x00000604   0x000000d4   Code   RO          228    .text               lib_button.o
    0x000006d8   0x000006d8   0x00002b44   Code   RO          256    .text               irq_rit.o
    0x0000321c   0x0000321c   0x000000c0   Code   RO          308    .text               lib_rit.o
    0x000032dc   0x000032dc   0x000040e4   Code   RO          360    .text               glcd.o
    0x000073c0   0x000073c0   0x000002f0   Code   RO          426    .text               irq_timer.o
    0x000076b0   0x000076b0   0x000000d4   Code   RO          466    .text               lib_timer.o
    0x00007784   0x00007784   0x00003594   Code   RO          494    .text               drawing.o
    0x0000ad18   0x0000ad18   0x00001384   Code   RO          527    .text               gioco.o
    0x0000c09c   0x0000c09c   0x00000034   Code   RO          569    .text               startup_lpc17xx.o
    0x0000c0d0   0x0000c0d0   0x00000518   Code   RO          578    .text               lib_can.o
    0x0000c5e8   0x0000c5e8   0x0000017c   Code   RO          613    .text               irq_can.o
    0x0000c764   0x0000c764   0x00000028   Code   RO          659    .text               c_w.l(noretval__2sprintf.o)
    0x0000c78c   0x0000c78c   0x00000068   Code   RO          661    .text               c_w.l(__printf.o)
    0x0000c7f4   0x0000c7f4   0x00000078   Code   RO          663    .text               c_w.l(_printf_dec.o)
    0x0000c86c   0x0000c86c   0x0000008a   Code   RO          687    .text               c_w.l(rt_memcpy_v6.o)
    0x0000c8f6   0x0000c8f6   0x00000064   Code   RO          689    .text               c_w.l(rt_memcpy_w.o)
    0x0000c95a   0x0000c95a   0x000000b2   Code   RO          714    .text               c_w.l(_printf_intcommon.o)
    0x0000ca0c   0x0000ca0c   0x00000030   Code   RO          716    .text               c_w.l(_printf_char_common.o)
    0x0000ca3c   0x0000ca3c   0x0000000a   Code   RO          718    .text               c_w.l(_sputc.o)
    0x0000ca46   0x0000ca46   0x0000004a   Code   RO          743    .text               c_w.l(sys_stackheap_outer.o)
    0x0000ca90   0x0000ca90   0x00000012   Code   RO          745    .text               c_w.l(exit.o)
    0x0000caa2   0x0000caa2   0x00000002   PAD
    0x0000caa4   0x0000caa4   0x00000008   Code   RO          753    .text               c_w.l(libspace.o)
    0x0000caac   0x0000caac   0x0000000c   Code   RO          814    .text               c_w.l(sys_exit.o)
    0x0000cab8   0x0000cab8   0x00000150   Code   RO          695    x$fpl$dadd          fz_ws.l(daddsub_clz.o)
    0x0000cc08   0x0000cc08   0x0000005a   Code   RO          701    x$fpl$dfixu         fz_ws.l(dfixu.o)
    0x0000cc62   0x0000cc62   0x0000002e   Code   RO          706    x$fpl$dflt          fz_ws.l(dflt_clz.o)
    0x0000cc90   0x0000cc90   0x00000026   Code   RO          705    x$fpl$dfltu         fz_ws.l(dflt_clz.o)
    0x0000ccb6   0x0000ccb6   0x00000002   PAD
    0x0000ccb8   0x0000ccb8   0x00000154   Code   RO          711    x$fpl$dmul          fz_ws.l(dmul.o)
    0x0000ce0c   0x0000ce0c   0x0000009c   Code   RO          721    x$fpl$dnaninf       fz_ws.l(dnaninf.o)
    0x0000cea8   0x0000cea8   0x0000000c   Code   RO          723    x$fpl$dretinf       fz_ws.l(dretinf.o)
    0x0000ceb4   0x0000ceb4   0x000001d4   Code   RO          697    x$fpl$dsub          fz_ws.l(daddsub_clz.o)
    0x0000d088   0x0000d088   0x000005f0   Data   RO          410    .constdata          asciilib.o
    0x0000d678   0x0000d678   0x000000c4   Data   RO          529    .constdata          gioco.o
    0x0000d73c   0x0000d73c   0x00000044   Data   RO          580    .constdata          lib_can.o
    0x0000d780   0x0000d780   0x00000030   Data   RO          882    Region$$Table       anon$$obj.o


    Execution Region RW_IRAM1 (Exec base: 0x10000000, Load base: 0x0000d7b0, Size: 0x00008000, Max: 0x00008000, ABSOLUTE)

    Exec Addr    Load Addr    Size         Type   Attr      Idx    E Section Name        Object

    0x10000000        -       0x00008000   Zero   RW          565    STACK               startup_lpc17xx.o


    Execution Region RW_IRAM2 (Exec base: 0x2007c000, Load base: 0x0000d7b0, Size: 0x00000398, Max: 0x00008000, ABSOLUTE, COMPRESSED[0x0000002c])

    Exec Addr    Load Addr    Size         Type   Attr      Idx    E Section Name        Object

    0x2007c000   COMPRESSED   0x00000005   Data   RW           86    .data               system_lpc17xx.o
    0x2007c005   COMPRESSED   0x00000003   PAD
    0x2007c008   COMPRESSED   0x00000029   Data   RW          182    .data               irq_button.o
    0x2007c031   COMPRESSED   0x00000003   PAD
    0x2007c034   COMPRESSED   0x00000058   Data   RW          258    .data               irq_rit.o
    0x2007c08c   COMPRESSED   0x00000001   Data   RW          361    .data               glcd.o
    0x2007c08d   COMPRESSED   0x00000004   Data   RW          495    .data               drawing.o
    0x2007c091   COMPRESSED   0x00000003   PAD
    0x2007c094   COMPRESSED   0x00000198   Data   RW          530    .data               gioco.o
    0x2007c22c   COMPRESSED   0x00000010   Data   RW          581    .data               lib_can.o
    0x2007c23c   COMPRESSED   0x0000000b   Data   RW          614    .data               irq_can.o
    0x2007c247   COMPRESSED   0x00000001   PAD
    0x2007c248        -       0x000000c0   Zero   RW          257    .bss                irq_rit.o
    0x2007c308        -       0x0000000c   Zero   RW          528    .bss                gioco.o
    0x2007c314        -       0x00000020   Zero   RW          579    .bss                lib_can.o
    0x2007c334        -       0x00000060   Zero   RW          754    .bss                c_w.l(libspace.o)
    0x2007c394   COMPRESSED   0x00000004   PAD
    0x2007c398        -       0x00000000   Zero   RW          566    HEAP                startup_lpc17xx.o


==============================================================================

Image component sizes


      Code (inc. data)   RO Data    RW Data    ZI Data      Debug   Object Name

        32          6       1520          0          0       1091   asciilib.o
     13716        340          0          4          0       8257   drawing.o
         0          0          0          0          0      16896   funct_led.o
      4996        206        196        408         12       7927   gioco.o
     16612        104          0          1          0      40155   glcd.o
       184         28          0         41          0       2176   irq_button.o
       380         48          0         11          0      28265   irq_can.o
     11076        644          0         88        192       7489   irq_rit.o
       752        164          0          0          0        954   irq_timer.o
       212         22          0          0          0        946   lib_button.o
      1304         64         68         16         32       4376   lib_can.o
       132         10          0          0          0        484   lib_joystick.o
       192         22          0          0          0      27623   lib_rit.o
       212         14          0          0          0      27955   lib_timer.o
       156         44          0          0          0       5047   sample.o
        56         22        204          0      32768       1020   startup_lpc17xx.o
       588         36          0          5          0      17845   system_lpc17xx.o

    ----------------------------------------------------------------------
     50600       1774       2036        584      33004     198506   Object Totals
         0          0         48          0          0          0   (incl. Generated)
         0          0          0         10          0          0   (incl. Padding)

    ----------------------------------------------------------------------

      Code (inc. data)   RO Data    RW Data    ZI Data      Debug   Library Member Name

        90          0          0          0          0          0   __dczerorl2.o
         8          0          0          0          0         68   __main.o
       104          0          0          0          0         84   __printf.o
         0          0          0          0          0          0   __rtentry.o
        12          0          0          0          0          0   __rtentry2.o
         6          0          0          0          0          0   __rtentry4.o
        52          8          0          0          0          0   __scatter.o
        28          0          0          0          0          0   __scatter_zi.o
        48          6          0          0          0         96   _printf_char_common.o
         6          0          0          0          0          0   _printf_d.o
       120         16          0          0          0         92   _printf_dec.o
       178          0          0          0          0         88   _printf_intcommon.o
         0          0          0          0          0          0   _printf_percent.o
         4          0          0          0          0          0   _printf_percent_end.o
        10          0          0          0          0         68   _sputc.o
        18          0          0          0          0         80   exit.o
         6          0          0          0          0        152   heapauxi.o
         0          0          0          0          0          0   indicate_semi.o
         2          0          0          0          0          0   libinit.o
         2          0          0          0          0          0   libinit2.o
         2          0          0          0          0          0   libshutdown.o
         2          0          0          0          0          0   libshutdown2.o
         8          4          0          0         96         68   libspace.o
        40          6          0          0          0         84   noretval__2sprintf.o
       138          0          0          0          0         68   rt_memcpy_v6.o
       100          0          0          0          0         80   rt_memcpy_w.o
         2          0          0          0          0          0   rtexit.o
        10          0          0          0          0          0   rtexit2.o
        12          4          0          0          0         68   sys_exit.o
        74          0          0          0          0         80   sys_stackheap_outer.o
         2          0          0          0          0         68   use_no_semi.o
       804         16          0          0          0        272   daddsub_clz.o
        90          4          0          0          0         92   dfixu.o
        84          0          0          0          0        136   dflt_clz.o
       340         12          0          0          0        104   dmul.o
       156          4          0          0          0         92   dnaninf.o
        12          0          0          0          0         68   dretinf.o
         0          0          0          0          0          0   usenofp.o

    ----------------------------------------------------------------------
      2580         80          0          0        100       2008   Library Totals
        10          0          0          0          4          0   (incl. Padding)

    ----------------------------------------------------------------------

      Code (inc. data)   RO Data    RW Data    ZI Data      Debug   Library Name

      1084         44          0          0         96       1244   c_w.l
      1486         36          0          0          0        764   fz_ws.l

    ----------------------------------------------------------------------
      2580         80          0          0        100       2008   Library Totals

    ----------------------------------------------------------------------

==============================================================================


      Code (inc. data)   RO Data    RW Data    ZI Data      Debug   

     53180       1854       2036        584      33104     198742   Grand Totals
     53180       1854       2036         44      33104     198742   ELF Image Totals (compressed)
     53180       1854       2036         44          0          0   ROM Totals

==============================================================================

    Total RO  Size (Code + RO Data)                55216 (  53.92kB)
    Total RW  Size (RW Data + ZI Data)             33688 (  32.90kB)
    Total ROM Size (Code + RO Data + RW Data)      55260 (  53.96kB)

==============================================================================

